2026-09-15 17:30:14,072 INFO GET https://kcorey-demo.jamacloud.com/rest/v1/projects
2026-09-15 17:30:14,264 INFO GET https://kcorey-demo.jamacloud.com/rest/v1/projects
2026-09-15 17:32:31,560 INFO GET https://kcorey-training.jamacloud.com/rest/v1/projects
2026-09-15 17:32:31,774 INFO GET https://kcorey-training.jamacloud.com/rest/v1/projects
2026-09-15 17:32:45,393 INFO GET https://kcorey-training.jamacloud.com/rest/v1/abstractitems
2026-09-15 17:32:46,815 INFO GET https://kcorey-training.jamacloud.com/rest/v1/abstractitems
2026-09-15 17:32:47,987 INFO GET https://kcorey-training.jamacloud.com/rest/v1/abstractitems
2026-09-15 17:32:49,293 INFO GET https://kcorey-training.jamacloud.com/rest/v1/abstractitems
2026-09-15 17:32:50,829 INFO GET https://kcorey-training.jamacloud.com/rest/v1/abstractitems
2026-09-15 17:32:51,970 INFO GET https://kcorey-training.jamacloud.com/rest/v1/abstractitems
2026-09-15 17:32:53,476 INFO GET https://kcorey-training.jamacloud.com/rest/v1/abstractitems
2026-09-15 17:32:54,493 INFO GET https://kcorey-training.jamacloud.com/rest/v1/itemtypes/22
2026-09-15 17:32:54,637 INFO GET https://kcorey-training.jamacloud.com/rest/v1/itemtypes/30
2026-09-15 17:32:54,758 INFO GET https://kcorey-training.jamacloud.com/rest/v1/itemtypes/31
2026-09-15 17:32:54,916 INFO GET https://kcorey-training.jamacloud.com/rest/v1/itemtypes/32
2026-09-15 17:32:55,058 INFO GET https://kcorey-training.jamacloud.com/rest/v1/itemtypes/33
2026-09-15 17:32:55,183 INFO GET https://kcorey-training.jamacloud.com/rest/v1/itemtypes/35
2026-09-15 17:32:55,307 INFO GET https://kcorey-training.jamacloud.com/rest/v1/itemtypes/36
2026-09-15 17:32:55,419 INFO GET https://kcorey-training.jamacloud.com/rest/v1/itemtypes/37
2026-09-15 17:32:55,557 INFO GET https://kcorey-training.jamacloud.com/rest/v1/itemtypes/132
2026-09-15 17:32:55,672 INFO GET https://kcorey-training.jamacloud.com/rest/v1/itemtypes/133
2026-09-15 17:32:55,815 INFO GET https://kcorey-training.jamacloud.com/rest/v1/itemtypes/134
2026-09-15 17:32:55,933 INFO GET https://kcorey-training.jamacloud.com/rest/v1/itemtypes/135
2026-09-15 17:32:56,091 INFO GET https://kcorey-training.jamacloud.com/rest/v1/itemtypes/138
2026-09-15 17:32:56,226 INFO GET https://kcorey-training.jamacloud.com/rest/v1/picklists
2026-09-15 17:32:56,350 INFO GET https://kcorey-training.jamacloud.com/rest/v1/picklists/252/options
2026-09-15 17:32:56,486 INFO GET https://kcorey-training.jamacloud.com/rest/v1/picklists/254/options
2026-09-15 17:32:56,631 INFO GET https://kcorey-training.jamacloud.com/rest/v1/picklists/253/options
2026-09-15 17:32:56,760 INFO GET https://kcorey-training.jamacloud.com/rest/v1/picklists/255/options
2026-09-15 17:32:56,899 INFO GET https://kcorey-training.jamacloud.com/rest/v1/picklists/63/options
2026-09-15 17:32:57,014 INFO GET https://kcorey-training.jamacloud.com/rest/v1/picklists/249/options
2026-09-15 17:32:57,151 INFO GET https://kcorey-training.jamacloud.com/rest/v1/projects/75/relationshipruleset
2026-09-15 17:32:57,309 ERROR GET https://kcorey-training.jamacloud.com/rest/v1/projects/75/relationshipruleset failed (404): This resource does not exist
2026-09-15 17:32:57,309 INFO GET https://kcorey-training.jamacloud.com/rest/v1/relationshiprulesets
2026-09-15 17:32:57,574 INFO GET https://kcorey-training.jamacloud.com/rest/v1/relationshiprulesets/1/relationships
2026-09-15 17:32:57,720 ERROR GET https://kcorey-training.jamacloud.com/rest/v1/relationshiprulesets/1/relationships failed (404): This resource does not exist
2026-09-15 17:32:57,720 WARNING Relationship rule set unavailable: Jama returned HTTP 404: This resource does not exist
2026-09-15 17:32:57,723 INFO GET https://kcorey-training.jamacloud.com/rest/v1/users
2026-09-15 17:32:58,001 INFO GET https://kcorey-training.jamacloud.com/rest/v1/users
2026-09-15 17:32:58,237 INFO GET https://kcorey-training.jamacloud.com/rest/v1/picklists
2026-09-15 17:32:58,379 INFO GET https://kcorey-training.jamacloud.com/rest/v1/picklists/260/options
2026-09-15 17:32:58,522 INFO GET https://kcorey-training.jamacloud.com/rest/v1/picklists/259/options
2026-09-15 17:32:58,656 INFO GET https://kcorey-training.jamacloud.com/rest/v1/picklists/252/options
2026-09-15 17:32:58,808 INFO GET https://kcorey-training.jamacloud.com/rest/v1/picklists/254/options
2026-09-15 17:32:58,940 INFO GET https://kcorey-training.jamacloud.com/rest/v1/picklists/226/options
2026-09-15 17:32:59,120 INFO GET https://kcorey-training.jamacloud.com/rest/v1/picklists/228/options
2026-09-15 17:32:59,307 INFO GET https://kcorey-training.jamacloud.com/rest/v1/picklists/264/options
2026-09-15 17:32:59,449 INFO GET https://kcorey-training.jamacloud.com/rest/v1/picklists/265/options
2026-09-15 17:32:59,616 INFO GET https://kcorey-training.jamacloud.com/rest/v1/picklists/253/options
2026-09-15 17:32:59,783 INFO GET https://kcorey-training.jamacloud.com/rest/v1/picklists/255/options
2026-09-15 17:32:59,927 INFO GET https://kcorey-training.jamacloud.com/rest/v1/picklists/62/options
2026-09-15 17:33:00,098 INFO GET https://kcorey-training.jamacloud.com/rest/v1/picklists/33/options
2026-09-15 17:33:00,364 INFO GET https://kcorey-training.jamacloud.com/rest/v1/picklists/31/options
2026-09-15 17:33:00,509 INFO GET https://kcorey-training.jamacloud.com/rest/v1/picklists/34/options
2026-09-15 17:33:00,693 INFO GET https://kcorey-training.jamacloud.com/rest/v1/picklists/248/options
2026-09-15 17:33:00,826 INFO GET https://kcorey-training.jamacloud.com/rest/v1/picklists/262/options
2026-09-15 17:33:00,996 INFO GET https://kcorey-training.jamacloud.com/rest/v1/picklists/266/options
2026-09-15 17:33:01,202 INFO GET https://kcorey-training.jamacloud.com/rest/v1/picklists/251/options
2026-09-15 17:33:01,391 INFO GET https://kcorey-training.jamacloud.com/rest/v1/picklists/250/options
2026-09-15 17:33:01,573 INFO GET https://kcorey-training.jamacloud.com/rest/v1/picklists/63/options
2026-09-15 17:33:01,746 INFO GET https://kcorey-training.jamacloud.com/rest/v1/picklists/257/options
2026-09-15 17:33:01,926 INFO GET https://kcorey-training.jamacloud.com/rest/v1/picklists/267/options
2026-09-15 17:33:02,094 INFO GET https://kcorey-training.jamacloud.com/rest/v1/picklists/268/options
2026-09-15 17:33:02,279 INFO GET https://kcorey-training.jamacloud.com/rest/v1/picklists/121/options
2026-09-15 17:33:02,428 INFO GET https://kcorey-training.jamacloud.com/rest/v1/picklists/263/options
2026-09-15 17:33:02,624 INFO GET https://kcorey-training.jamacloud.com/rest/v1/picklists/258/options
2026-09-15 17:33:02,782 INFO GET https://kcorey-training.jamacloud.com/rest/v1/picklists/235/options
2026-09-15 17:33:02,929 INFO GET https://kcorey-training.jamacloud.com/rest/v1/picklists/249/options
2026-09-15 17:33:03,132 INFO GET https://kcorey-training.jamacloud.com/rest/v1/picklists/256/options
2026-09-15 17:33:03,338 INFO GET https://kcorey-training.jamacloud.com/rest/v1/picklists/225/options
2026-09-15 17:33:03,497 INFO GET https://kcorey-training.jamacloud.com/rest/v1/itemtypes
2026-09-15 17:33:03,784 INFO GET https://kcorey-training.jamacloud.com/rest/v1/itemtypes/22
2026-09-15 17:33:03,943 INFO GET https://kcorey-training.jamacloud.com/rest/v1/itemtypes/24
2026-09-15 17:33:04,134 INFO GET https://kcorey-training.jamacloud.com/rest/v1/itemtypes/26
2026-09-15 17:33:04,285 INFO GET https://kcorey-training.jamacloud.com/rest/v1/itemtypes/27
2026-09-15 17:33:04,417 INFO GET https://kcorey-training.jamacloud.com/rest/v1/itemtypes/28
2026-09-15 17:33:04,589 INFO GET https://kcorey-training.jamacloud.com/rest/v1/itemtypes/30
2026-09-15 17:33:04,762 INFO GET https://kcorey-training.jamacloud.com/rest/v1/itemtypes/31
2026-09-15 17:33:04,901 INFO GET https://kcorey-training.jamacloud.com/rest/v1/itemtypes/32
2026-09-15 17:33:05,145 INFO GET https://kcorey-training.jamacloud.com/rest/v1/itemtypes/33
2026-09-15 17:33:05,303 INFO GET https://kcorey-training.jamacloud.com/rest/v1/itemtypes/34
2026-09-15 17:33:05,454 INFO GET https://kcorey-training.jamacloud.com/rest/v1/itemtypes/35
2026-09-15 17:33:05,654 INFO GET https://kcorey-training.jamacloud.com/rest/v1/itemtypes/36
2026-09-15 17:33:05,813 INFO GET https://kcorey-training.jamacloud.com/rest/v1/itemtypes/37
2026-09-15 17:33:05,969 INFO GET https://kcorey-training.jamacloud.com/rest/v1/itemtypes/132
2026-09-15 17:33:06,096 INFO GET https://kcorey-training.jamacloud.com/rest/v1/itemtypes/133
2026-09-15 17:33:06,258 INFO GET https://kcorey-training.jamacloud.com/rest/v1/itemtypes/134
2026-09-15 17:33:06,397 INFO GET https://kcorey-training.jamacloud.com/rest/v1/itemtypes/135
2026-09-15 17:33:06,552 INFO GET https://kcorey-training.jamacloud.com/rest/v1/itemtypes/136
2026-09-15 17:33:06,711 INFO GET https://kcorey-training.jamacloud.com/rest/v1/itemtypes/137
2026-09-15 17:33:06,894 INFO GET https://kcorey-training.jamacloud.com/rest/v1/itemtypes/138
2026-09-15 17:33:07,046 INFO GET https://kcorey-training.jamacloud.com/rest/v1/itemtypes/139
2026-09-15 17:33:07,195 INFO GET https://kcorey-training.jamacloud.com/rest/v1/itemtypes/140
2026-09-15 17:33:07,344 INFO GET https://kcorey-training.jamacloud.com/rest/v1/itemtypes/141
2026-09-15 17:33:07,512 INFO GET https://kcorey-training.jamacloud.com/rest/v1/itemtypes/142
2026-09-15 17:33:07,701 INFO GET https://kcorey-training.jamacloud.com/rest/v1/itemtypes/143
2026-09-15 17:33:07,858 INFO GET https://kcorey-training.jamacloud.com/rest/v1/itemtypes/144
2026-09-15 17:33:08,017 INFO GET https://kcorey-training.jamacloud.com/rest/v1/itemtypes/146
2026-09-15 17:34:47,597 INFO GET https://kcorey-training.jamacloud.com/rest/v1/itemtypes
2026-09-15 17:34:47,827 INFO POST https://kcorey-training.jamacloud.com/rest/v1/picklists
2026-09-15 17:34:48,197 INFO Applied: Create picklist ‘MS Rqmt State’
2026-09-15 17:34:48,198 INFO POST https://kcorey-training.jamacloud.com/rest/v1/picklists/269/options
2026-09-15 17:34:48,551 INFO Applied: Add option ‘Draft’ to ‘MS Rqmt State’
2026-09-15 17:34:48,552 INFO POST https://kcorey-training.jamacloud.com/rest/v1/picklists/269/options
2026-09-15 17:34:48,913 INFO Applied: Add option ‘In Work’ to ‘MS Rqmt State’
2026-09-15 17:34:48,915 INFO POST https://kcorey-training.jamacloud.com/rest/v1/picklists/269/options
2026-09-15 17:34:49,220 INFO Applied: Add option ‘Approved’ to ‘MS Rqmt State’
2026-09-15 17:34:49,221 INFO POST https://kcorey-training.jamacloud.com/rest/v1/picklists/269/options
2026-09-15 17:34:49,595 INFO Applied: Add option ‘Verified’ to ‘MS Rqmt State’
2026-09-15 17:34:49,600 INFO GET https://kcorey-training.jamacloud.com/rest/v1/abstractitems
2026-09-15 17:34:50,591 INFO GET https://kcorey-training.jamacloud.com/rest/v1/abstractitems
2026-09-15 17:34:51,620 INFO GET https://kcorey-training.jamacloud.com/rest/v1/abstractitems
2026-09-15 17:34:52,512 INFO GET https://kcorey-training.jamacloud.com/rest/v1/abstractitems
2026-09-15 17:34:53,599 INFO GET https://kcorey-training.jamacloud.com/rest/v1/abstractitems
2026-09-15 17:34:54,808 INFO GET https://kcorey-training.jamacloud.com/rest/v1/abstractitems
2026-09-15 17:34:55,931 INFO GET https://kcorey-training.jamacloud.com/rest/v1/abstractitems
2026-09-15 17:34:56,882 INFO GET https://kcorey-training.jamacloud.com/rest/v1/itemtypes/22
2026-09-15 17:34:57,039 INFO GET https://kcorey-training.jamacloud.com/rest/v1/itemtypes/30
2026-09-15 17:34:57,176 INFO GET https://kcorey-training.jamacloud.com/rest/v1/itemtypes/31
2026-09-15 17:34:57,303 INFO GET https://kcorey-training.jamacloud.com/rest/v1/itemtypes/32
2026-09-15 17:34:57,450 INFO GET https://kcorey-training.jamacloud.com/rest/v1/itemtypes/33
2026-09-15 17:34:57,629 INFO GET https://kcorey-training.jamacloud.com/rest/v1/itemtypes/35
2026-09-15 17:34:57,769 INFO GET https://kcorey-training.jamacloud.com/rest/v1/itemtypes/36
2026-09-15 17:34:57,908 INFO GET https://kcorey-training.jamacloud.com/rest/v1/itemtypes/37
2026-09-15 17:34:58,080 INFO GET https://kcorey-training.jamacloud.com/rest/v1/itemtypes/132
2026-09-15 17:34:58,238 INFO GET https://kcorey-training.jamacloud.com/rest/v1/itemtypes/133
2026-09-15 17:34:58,368 INFO GET https://kcorey-training.jamacloud.com/rest/v1/itemtypes/134
2026-09-15 17:34:58,542 INFO GET https://kcorey-training.jamacloud.com/rest/v1/itemtypes/135
2026-09-15 17:34:58,694 INFO GET https://kcorey-training.jamacloud.com/rest/v1/itemtypes/138
2026-09-15 17:34:58,840 INFO GET https://kcorey-training.jamacloud.com/rest/v1/picklists
2026-09-15 17:34:59,020 INFO GET https://kcorey-training.jamacloud.com/rest/v1/picklists/252/options
2026-09-15 17:34:59,156 INFO GET https://kcorey-training.jamacloud.com/rest/v1/picklists/254/options
2026-09-15 17:34:59,323 INFO GET https://kcorey-training.jamacloud.com/rest/v1/picklists/253/options
2026-09-15 17:34:59,513 INFO GET https://kcorey-training.jamacloud.com/rest/v1/picklists/255/options
2026-09-15 17:34:59,654 INFO GET https://kcorey-training.jamacloud.com/rest/v1/picklists/63/options
2026-09-15 17:34:59,765 INFO GET https://kcorey-training.jamacloud.com/rest/v1/picklists/249/options
2026-09-15 17:34:59,912 INFO GET https://kcorey-training.jamacloud.com/rest/v1/projects/75/relationshipruleset
2026-09-15 17:35:00,046 ERROR GET https://kcorey-training.jamacloud.com/rest/v1/projects/75/relationshipruleset failed (404): This resource does not exist
2026-09-15 17:35:00,046 INFO GET https://kcorey-training.jamacloud.com/rest/v1/relationshiprulesets
2026-09-15 17:35:00,325 INFO GET https://kcorey-training.jamacloud.com/rest/v1/relationshiprulesets/1/relationships
2026-09-15 17:35:00,481 ERROR GET https://kcorey-training.jamacloud.com/rest/v1/relationshiprulesets/1/relationships failed (404): This resource does not exist
2026-09-15 17:35:00,481 WARNING Relationship rule set unavailable: Jama returned HTTP 404: This resource does not exist
2026-09-15 17:35:00,482 INFO GET https://kcorey-training.jamacloud.com/rest/v1/users
2026-09-15 17:35:00,790 INFO GET https://kcorey-training.jamacloud.com/rest/v1/users
