2026-09-16 15:43:57,063 INFO GET https://kcorey-demo.jamacloud.com/rest/v1/projects
2026-09-16 15:43:57,299 INFO GET https://kcorey-demo.jamacloud.com/rest/v1/projects
2026-09-16 15:44:11,707 INFO GET https://kcorey-demo.jamacloud.com/rest/v1/abstractitems
2026-09-16 15:44:13,090 INFO GET https://kcorey-demo.jamacloud.com/rest/v1/abstractitems
2026-09-16 15:44:14,164 INFO GET https://kcorey-demo.jamacloud.com/rest/v1/abstractitems
2026-09-16 15:44:14,531 INFO GET https://kcorey-demo.jamacloud.com/rest/v1/itemtypes/30
2026-09-16 15:44:14,657 INFO GET https://kcorey-demo.jamacloud.com/rest/v1/itemtypes/31
2026-09-16 15:44:14,816 INFO GET https://kcorey-demo.jamacloud.com/rest/v1/itemtypes/32
2026-09-16 15:44:14,955 INFO GET https://kcorey-demo.jamacloud.com/rest/v1/itemtypes/132
2026-09-16 15:44:15,072 INFO GET https://kcorey-demo.jamacloud.com/rest/v1/itemtypes/133
2026-09-16 15:44:15,219 INFO GET https://kcorey-demo.jamacloud.com/rest/v1/itemtypes/134
2026-09-16 15:44:15,359 INFO GET https://kcorey-demo.jamacloud.com/rest/v1/itemtypes/136
2026-09-16 15:44:15,513 INFO GET https://kcorey-demo.jamacloud.com/rest/v1/itemtypes/139
2026-09-16 15:44:15,671 INFO GET https://kcorey-demo.jamacloud.com/rest/v1/picklists
2026-09-16 15:44:15,788 INFO GET https://kcorey-demo.jamacloud.com/rest/v1/picklists/249/options
2026-09-16 15:44:15,964 INFO GET https://kcorey-demo.jamacloud.com/rest/v1/picklists/270/options
2026-09-16 15:44:16,121 INFO GET https://kcorey-demo.jamacloud.com/rest/v1/picklists/228/options
2026-09-16 15:44:16,243 INFO GET https://kcorey-demo.jamacloud.com/rest/v1/picklists/248/options
2026-09-16 15:44:16,381 INFO GET https://kcorey-demo.jamacloud.com/rest/v1/picklists/276/options
2026-09-16 15:44:16,517 INFO GET https://kcorey-demo.jamacloud.com/rest/v1/picklists/63/options
2026-09-16 15:44:16,671 INFO GET https://kcorey-demo.jamacloud.com/rest/v1/picklists/235/options
2026-09-16 15:44:16,851 INFO GET https://kcorey-demo.jamacloud.com/rest/v1/picklists/225/options
2026-09-16 15:44:16,977 INFO GET https://kcorey-demo.jamacloud.com/rest/v1/projects/47/relationshipruleset
2026-09-16 15:44:17,095 ERROR GET https://kcorey-demo.jamacloud.com/rest/v1/projects/47/relationshipruleset failed (404): This resource does not exist
2026-09-16 15:44:17,095 INFO GET https://kcorey-demo.jamacloud.com/rest/v1/relationshiprulesets
2026-09-16 15:44:17,336 INFO GET https://kcorey-demo.jamacloud.com/rest/v1/relationshiprulesets/1/relationships
2026-09-16 15:44:17,514 ERROR GET https://kcorey-demo.jamacloud.com/rest/v1/relationshiprulesets/1/relationships failed (404): This resource does not exist
2026-09-16 15:44:17,514 WARNING Relationship rule set unavailable: Jama returned HTTP 404: This resource does not exist
2026-09-16 15:44:17,515 INFO GET https://kcorey-demo.jamacloud.com/rest/v1/users
2026-09-16 15:44:17,760 INFO GET https://kcorey-demo.jamacloud.com/rest/v1/picklists
2026-09-16 15:44:17,920 INFO GET https://kcorey-demo.jamacloud.com/rest/v1/picklists/275/options
2026-09-16 15:44:18,058 INFO GET https://kcorey-demo.jamacloud.com/rest/v1/picklists/251/options
2026-09-16 15:44:18,195 INFO GET https://kcorey-demo.jamacloud.com/rest/v1/picklists/249/options
2026-09-16 15:44:18,314 INFO GET https://kcorey-demo.jamacloud.com/rest/v1/picklists/270/options
2026-09-16 15:44:18,470 INFO GET https://kcorey-demo.jamacloud.com/rest/v1/picklists/271/options
2026-09-16 15:44:18,618 INFO GET https://kcorey-demo.jamacloud.com/rest/v1/picklists/226/options
2026-09-16 15:44:18,743 INFO GET https://kcorey-demo.jamacloud.com/rest/v1/picklists/228/options
2026-09-16 15:44:18,858 INFO GET https://kcorey-demo.jamacloud.com/rest/v1/picklists/266/options
2026-09-16 15:44:18,970 INFO GET https://kcorey-demo.jamacloud.com/rest/v1/picklists/252/options
2026-09-16 15:44:19,097 INFO GET https://kcorey-demo.jamacloud.com/rest/v1/picklists/272/options
2026-09-16 15:44:19,239 INFO GET https://kcorey-demo.jamacloud.com/rest/v1/picklists/273/options
2026-09-16 15:44:19,376 INFO GET https://kcorey-demo.jamacloud.com/rest/v1/picklists/268/options
2026-09-16 15:44:19,520 INFO GET https://kcorey-demo.jamacloud.com/rest/v1/picklists/62/options
2026-09-16 15:44:19,674 INFO GET https://kcorey-demo.jamacloud.com/rest/v1/picklists/33/options
2026-09-16 15:44:19,794 INFO GET https://kcorey-demo.jamacloud.com/rest/v1/picklists/31/options
2026-09-16 15:44:19,947 INFO GET https://kcorey-demo.jamacloud.com/rest/v1/picklists/34/options
2026-09-16 15:44:20,074 INFO GET https://kcorey-demo.jamacloud.com/rest/v1/picklists/248/options
2026-09-16 15:44:20,255 INFO GET https://kcorey-demo.jamacloud.com/rest/v1/picklists/276/options
2026-09-16 15:44:20,383 INFO GET https://kcorey-demo.jamacloud.com/rest/v1/picklists/250/options
2026-09-16 15:44:20,509 INFO GET https://kcorey-demo.jamacloud.com/rest/v1/picklists/258/options
2026-09-16 15:44:20,666 INFO GET https://kcorey-demo.jamacloud.com/rest/v1/picklists/253/options
2026-09-16 15:44:20,819 INFO GET https://kcorey-demo.jamacloud.com/rest/v1/picklists/259/options
2026-09-16 15:44:20,931 INFO GET https://kcorey-demo.jamacloud.com/rest/v1/picklists/260/options
2026-09-16 15:44:21,098 INFO GET https://kcorey-demo.jamacloud.com/rest/v1/picklists/63/options
2026-09-16 15:44:21,291 INFO GET https://kcorey-demo.jamacloud.com/rest/v1/picklists/261/options
2026-09-16 15:44:21,487 INFO GET https://kcorey-demo.jamacloud.com/rest/v1/picklists/255/options
2026-09-16 15:44:21,655 INFO GET https://kcorey-demo.jamacloud.com/rest/v1/picklists/254/options
2026-09-16 15:44:21,830 INFO GET https://kcorey-demo.jamacloud.com/rest/v1/picklists/274/options
2026-09-16 15:44:21,974 INFO GET https://kcorey-demo.jamacloud.com/rest/v1/picklists/121/options
2026-09-16 15:44:22,120 INFO GET https://kcorey-demo.jamacloud.com/rest/v1/picklists/235/options
2026-09-16 15:44:22,237 INFO GET https://kcorey-demo.jamacloud.com/rest/v1/picklists/225/options
2026-09-16 15:44:22,383 INFO GET https://kcorey-demo.jamacloud.com/rest/v1/itemtypes
2026-09-16 15:44:22,621 INFO GET https://kcorey-demo.jamacloud.com/rest/v1/itemtypes/22
2026-09-16 15:44:22,779 INFO GET https://kcorey-demo.jamacloud.com/rest/v1/itemtypes/24
2026-09-16 15:44:22,929 INFO GET https://kcorey-demo.jamacloud.com/rest/v1/itemtypes/26
2026-09-16 15:44:23,081 INFO GET https://kcorey-demo.jamacloud.com/rest/v1/itemtypes/27
2026-09-16 15:44:23,244 INFO GET https://kcorey-demo.jamacloud.com/rest/v1/itemtypes/28
2026-09-16 15:44:23,384 INFO GET https://kcorey-demo.jamacloud.com/rest/v1/itemtypes/30
2026-09-16 15:44:23,533 INFO GET https://kcorey-demo.jamacloud.com/rest/v1/itemtypes/31
2026-09-16 15:44:23,675 INFO GET https://kcorey-demo.jamacloud.com/rest/v1/itemtypes/32
2026-09-16 15:44:23,796 INFO GET https://kcorey-demo.jamacloud.com/rest/v1/itemtypes/33
2026-09-16 15:44:23,945 INFO GET https://kcorey-demo.jamacloud.com/rest/v1/itemtypes/34
2026-09-16 15:44:24,095 INFO GET https://kcorey-demo.jamacloud.com/rest/v1/itemtypes/35
2026-09-16 15:44:24,206 INFO GET https://kcorey-demo.jamacloud.com/rest/v1/itemtypes/36
2026-09-16 15:44:24,371 INFO GET https://kcorey-demo.jamacloud.com/rest/v1/itemtypes/37
2026-09-16 15:44:24,525 INFO GET https://kcorey-demo.jamacloud.com/rest/v1/itemtypes/132
2026-09-16 15:44:24,685 INFO GET https://kcorey-demo.jamacloud.com/rest/v1/itemtypes/133
2026-09-16 15:44:24,825 INFO GET https://kcorey-demo.jamacloud.com/rest/v1/itemtypes/134
2026-09-16 15:44:25,029 INFO GET https://kcorey-demo.jamacloud.com/rest/v1/itemtypes/135
2026-09-16 15:44:25,175 INFO GET https://kcorey-demo.jamacloud.com/rest/v1/itemtypes/136
2026-09-16 15:44:25,316 INFO GET https://kcorey-demo.jamacloud.com/rest/v1/itemtypes/137
2026-09-16 15:44:25,546 INFO GET https://kcorey-demo.jamacloud.com/rest/v1/itemtypes/138
2026-09-16 15:44:25,667 INFO GET https://kcorey-demo.jamacloud.com/rest/v1/itemtypes/139
2026-09-16 15:44:25,814 INFO GET https://kcorey-demo.jamacloud.com/rest/v1/itemtypes/140
2026-09-16 15:44:25,992 INFO GET https://kcorey-demo.jamacloud.com/rest/v1/itemtypes/141
2026-09-16 15:44:26,182 INFO GET https://kcorey-demo.jamacloud.com/rest/v1/itemtypes/142
2026-09-16 15:47:04,007 INFO GET https://kcorey-demo.jamacloud.com/rest/v1/abstractitems
2026-09-16 15:47:05,102 INFO GET https://kcorey-demo.jamacloud.com/rest/v1/abstractitems
2026-09-16 15:47:06,090 INFO GET https://kcorey-demo.jamacloud.com/rest/v1/abstractitems
2026-09-16 15:47:06,367 INFO GET https://kcorey-demo.jamacloud.com/rest/v1/itemtypes/30
2026-09-16 15:47:06,503 INFO GET https://kcorey-demo.jamacloud.com/rest/v1/itemtypes/31
2026-09-16 15:47:06,659 INFO GET https://kcorey-demo.jamacloud.com/rest/v1/itemtypes/32
2026-09-16 15:47:06,799 INFO GET https://kcorey-demo.jamacloud.com/rest/v1/itemtypes/132
2026-09-16 15:47:06,900 INFO GET https://kcorey-demo.jamacloud.com/rest/v1/itemtypes/133
2026-09-16 15:47:07,023 INFO GET https://kcorey-demo.jamacloud.com/rest/v1/itemtypes/134
2026-09-16 15:47:07,186 INFO GET https://kcorey-demo.jamacloud.com/rest/v1/itemtypes/136
2026-09-16 15:47:07,361 INFO GET https://kcorey-demo.jamacloud.com/rest/v1/itemtypes/139
2026-09-16 15:47:07,501 INFO GET https://kcorey-demo.jamacloud.com/rest/v1/picklists
2026-09-16 15:47:07,626 INFO GET https://kcorey-demo.jamacloud.com/rest/v1/picklists/249/options
2026-09-16 15:47:07,753 INFO GET https://kcorey-demo.jamacloud.com/rest/v1/picklists/270/options
2026-09-16 15:47:07,888 INFO GET https://kcorey-demo.jamacloud.com/rest/v1/picklists/228/options
2026-09-16 15:47:08,065 INFO GET https://kcorey-demo.jamacloud.com/rest/v1/picklists/248/options
2026-09-16 15:47:08,228 INFO GET https://kcorey-demo.jamacloud.com/rest/v1/picklists/276/options
2026-09-16 15:47:08,397 INFO GET https://kcorey-demo.jamacloud.com/rest/v1/picklists/63/options
2026-09-16 15:47:08,553 INFO GET https://kcorey-demo.jamacloud.com/rest/v1/picklists/235/options
2026-09-16 15:47:08,704 INFO GET https://kcorey-demo.jamacloud.com/rest/v1/picklists/225/options
2026-09-16 15:47:08,874 INFO GET https://kcorey-demo.jamacloud.com/rest/v1/projects/47/relationshipruleset
2026-09-16 15:47:09,035 ERROR GET https://kcorey-demo.jamacloud.com/rest/v1/projects/47/relationshipruleset failed (404): This resource does not exist
2026-09-16 15:47:09,035 INFO GET https://kcorey-demo.jamacloud.com/rest/v1/relationshiprulesets
2026-09-16 15:47:09,187 INFO GET https://kcorey-demo.jamacloud.com/rest/v1/relationshiprulesets/1/relationships
2026-09-16 15:47:09,321 ERROR GET https://kcorey-demo.jamacloud.com/rest/v1/relationshiprulesets/1/relationships failed (404): This resource does not exist
2026-09-16 15:47:09,321 WARNING Relationship rule set unavailable: Jama returned HTTP 404: This resource does not exist
2026-09-16 15:47:09,322 INFO GET https://kcorey-demo.jamacloud.com/rest/v1/users
