2026-09-16 16:08:40,669 INFO GET https://kcorey-demo.jamacloud.com/rest/v1/projects
2026-09-16 16:08:40,889 INFO GET https://kcorey-demo.jamacloud.com/rest/v1/projects
2026-09-16 16:08:56,461 INFO GET https://kcorey-demo.jamacloud.com/rest/v1/abstractitems
2026-09-16 16:08:57,886 INFO GET https://kcorey-demo.jamacloud.com/rest/v1/abstractitems
2026-09-16 16:08:59,093 INFO GET https://kcorey-demo.jamacloud.com/rest/v1/abstractitems
2026-09-16 16:08:59,508 INFO GET https://kcorey-demo.jamacloud.com/rest/v1/itemtypes/30
2026-09-16 16:08:59,647 INFO GET https://kcorey-demo.jamacloud.com/rest/v1/itemtypes/31
2026-09-16 16:08:59,787 INFO GET https://kcorey-demo.jamacloud.com/rest/v1/itemtypes/32
2026-09-16 16:08:59,903 INFO GET https://kcorey-demo.jamacloud.com/rest/v1/itemtypes/132
2026-09-16 16:09:00,017 INFO GET https://kcorey-demo.jamacloud.com/rest/v1/itemtypes/133
2026-09-16 16:09:00,168 INFO GET https://kcorey-demo.jamacloud.com/rest/v1/itemtypes/134
2026-09-16 16:09:00,364 INFO GET https://kcorey-demo.jamacloud.com/rest/v1/itemtypes/136
2026-09-16 16:09:00,503 INFO GET https://kcorey-demo.jamacloud.com/rest/v1/itemtypes/139
2026-09-16 16:09:00,659 INFO GET https://kcorey-demo.jamacloud.com/rest/v1/picklists
2026-09-16 16:09:00,796 INFO GET https://kcorey-demo.jamacloud.com/rest/v1/picklists/249/options
2026-09-16 16:09:00,936 INFO GET https://kcorey-demo.jamacloud.com/rest/v1/picklists/270/options
2026-09-16 16:09:01,125 INFO GET https://kcorey-demo.jamacloud.com/rest/v1/picklists/228/options
2026-09-16 16:09:01,277 INFO GET https://kcorey-demo.jamacloud.com/rest/v1/picklists/248/options
2026-09-16 16:09:01,439 INFO GET https://kcorey-demo.jamacloud.com/rest/v1/picklists/276/options
2026-09-16 16:09:01,603 INFO GET https://kcorey-demo.jamacloud.com/rest/v1/picklists/63/options
2026-09-16 16:09:01,797 INFO GET https://kcorey-demo.jamacloud.com/rest/v1/picklists/235/options
2026-09-16 16:09:01,974 INFO GET https://kcorey-demo.jamacloud.com/rest/v1/picklists/225/options
2026-09-16 16:09:02,146 INFO GET https://kcorey-demo.jamacloud.com/rest/v1/projects/47/relationshipruleset
2026-09-16 16:09:02,268 ERROR GET https://kcorey-demo.jamacloud.com/rest/v1/projects/47/relationshipruleset failed (404): This resource does not exist
2026-09-16 16:09:02,269 INFO GET https://kcorey-demo.jamacloud.com/rest/v1/relationshiprulesets
2026-09-16 16:09:02,486 INFO GET https://kcorey-demo.jamacloud.com/rest/v1/relationshiprulesets/1/relationships
2026-09-16 16:09:02,646 ERROR GET https://kcorey-demo.jamacloud.com/rest/v1/relationshiprulesets/1/relationships failed (404): This resource does not exist
2026-09-16 16:09:02,647 WARNING Relationship rule set unavailable: Jama returned HTTP 404: This resource does not exist
2026-09-16 16:09:02,648 INFO GET https://kcorey-demo.jamacloud.com/rest/v1/users
2026-09-16 16:09:02,936 INFO GET https://kcorey-demo.jamacloud.com/rest/v1/picklists
2026-09-16 16:09:03,129 INFO GET https://kcorey-demo.jamacloud.com/rest/v1/picklists/275/options
2026-09-16 16:09:03,355 INFO GET https://kcorey-demo.jamacloud.com/rest/v1/picklists/251/options
2026-09-16 16:09:03,493 INFO GET https://kcorey-demo.jamacloud.com/rest/v1/picklists/249/options
2026-09-16 16:09:03,623 INFO GET https://kcorey-demo.jamacloud.com/rest/v1/picklists/270/options
2026-09-16 16:09:03,746 INFO GET https://kcorey-demo.jamacloud.com/rest/v1/picklists/271/options
2026-09-16 16:09:03,907 INFO GET https://kcorey-demo.jamacloud.com/rest/v1/picklists/226/options
2026-09-16 16:09:04,050 INFO GET https://kcorey-demo.jamacloud.com/rest/v1/picklists/228/options
2026-09-16 16:09:04,207 INFO GET https://kcorey-demo.jamacloud.com/rest/v1/picklists/266/options
2026-09-16 16:09:04,326 INFO GET https://kcorey-demo.jamacloud.com/rest/v1/picklists/252/options
2026-09-16 16:09:04,491 INFO GET https://kcorey-demo.jamacloud.com/rest/v1/picklists/272/options
2026-09-16 16:09:04,677 INFO GET https://kcorey-demo.jamacloud.com/rest/v1/picklists/273/options
2026-09-16 16:09:04,836 INFO GET https://kcorey-demo.jamacloud.com/rest/v1/picklists/268/options
2026-09-16 16:09:04,969 INFO GET https://kcorey-demo.jamacloud.com/rest/v1/picklists/62/options
2026-09-16 16:09:05,122 INFO GET https://kcorey-demo.jamacloud.com/rest/v1/picklists/33/options
2026-09-16 16:09:05,279 INFO GET https://kcorey-demo.jamacloud.com/rest/v1/picklists/31/options
2026-09-16 16:09:05,412 INFO GET https://kcorey-demo.jamacloud.com/rest/v1/picklists/34/options
2026-09-16 16:09:05,546 INFO GET https://kcorey-demo.jamacloud.com/rest/v1/picklists/248/options
2026-09-16 16:09:05,676 INFO GET https://kcorey-demo.jamacloud.com/rest/v1/picklists/276/options
2026-09-16 16:09:05,817 INFO GET https://kcorey-demo.jamacloud.com/rest/v1/picklists/250/options
2026-09-16 16:09:05,936 INFO GET https://kcorey-demo.jamacloud.com/rest/v1/picklists/258/options
2026-09-16 16:09:06,121 INFO GET https://kcorey-demo.jamacloud.com/rest/v1/picklists/253/options
2026-09-16 16:09:06,290 INFO GET https://kcorey-demo.jamacloud.com/rest/v1/picklists/259/options
2026-09-16 16:09:06,482 INFO GET https://kcorey-demo.jamacloud.com/rest/v1/picklists/260/options
2026-09-16 16:09:06,648 INFO GET https://kcorey-demo.jamacloud.com/rest/v1/picklists/63/options
2026-09-16 16:09:06,784 INFO GET https://kcorey-demo.jamacloud.com/rest/v1/picklists/261/options
2026-09-16 16:09:06,903 INFO GET https://kcorey-demo.jamacloud.com/rest/v1/picklists/255/options
2026-09-16 16:09:07,057 INFO GET https://kcorey-demo.jamacloud.com/rest/v1/picklists/254/options
2026-09-16 16:09:07,244 INFO GET https://kcorey-demo.jamacloud.com/rest/v1/picklists/274/options
2026-09-16 16:09:07,350 INFO GET https://kcorey-demo.jamacloud.com/rest/v1/picklists/121/options
2026-09-16 16:09:07,502 INFO GET https://kcorey-demo.jamacloud.com/rest/v1/picklists/235/options
2026-09-16 16:09:07,664 INFO GET https://kcorey-demo.jamacloud.com/rest/v1/picklists/225/options
2026-09-16 16:09:07,789 INFO GET https://kcorey-demo.jamacloud.com/rest/v1/itemtypes
2026-09-16 16:09:08,059 INFO GET https://kcorey-demo.jamacloud.com/rest/v1/itemtypes/22
2026-09-16 16:09:08,219 INFO GET https://kcorey-demo.jamacloud.com/rest/v1/itemtypes/24
2026-09-16 16:09:08,354 INFO GET https://kcorey-demo.jamacloud.com/rest/v1/itemtypes/26
2026-09-16 16:09:08,535 INFO GET https://kcorey-demo.jamacloud.com/rest/v1/itemtypes/27
2026-09-16 16:09:08,691 INFO GET https://kcorey-demo.jamacloud.com/rest/v1/itemtypes/28
2026-09-16 16:09:08,864 INFO GET https://kcorey-demo.jamacloud.com/rest/v1/itemtypes/30
2026-09-16 16:09:09,014 INFO GET https://kcorey-demo.jamacloud.com/rest/v1/itemtypes/31
2026-09-16 16:09:09,170 INFO GET https://kcorey-demo.jamacloud.com/rest/v1/itemtypes/32
2026-09-16 16:09:09,319 INFO GET https://kcorey-demo.jamacloud.com/rest/v1/itemtypes/33
2026-09-16 16:09:09,479 INFO GET https://kcorey-demo.jamacloud.com/rest/v1/itemtypes/34
2026-09-16 16:09:09,618 INFO GET https://kcorey-demo.jamacloud.com/rest/v1/itemtypes/35
2026-09-16 16:09:09,713 INFO GET https://kcorey-demo.jamacloud.com/rest/v1/itemtypes/36
2026-09-16 16:09:09,848 INFO GET https://kcorey-demo.jamacloud.com/rest/v1/itemtypes/37
2026-09-16 16:09:09,990 INFO GET https://kcorey-demo.jamacloud.com/rest/v1/itemtypes/132
2026-09-16 16:09:10,118 INFO GET https://kcorey-demo.jamacloud.com/rest/v1/itemtypes/133
2026-09-16 16:09:10,293 INFO GET https://kcorey-demo.jamacloud.com/rest/v1/itemtypes/134
2026-09-16 16:09:10,427 INFO GET https://kcorey-demo.jamacloud.com/rest/v1/itemtypes/135
2026-09-16 16:09:10,563 INFO GET https://kcorey-demo.jamacloud.com/rest/v1/itemtypes/136
2026-09-16 16:09:10,688 INFO GET https://kcorey-demo.jamacloud.com/rest/v1/itemtypes/137
2026-09-16 16:09:10,860 INFO GET https://kcorey-demo.jamacloud.com/rest/v1/itemtypes/138
2026-09-16 16:09:11,036 INFO GET https://kcorey-demo.jamacloud.com/rest/v1/itemtypes/139
2026-09-16 16:09:11,194 INFO GET https://kcorey-demo.jamacloud.com/rest/v1/itemtypes/140
2026-09-16 16:09:11,427 INFO GET https://kcorey-demo.jamacloud.com/rest/v1/itemtypes/141
2026-09-16 16:09:11,589 INFO GET https://kcorey-demo.jamacloud.com/rest/v1/itemtypes/142
2026-09-16 16:09:31,969 INFO GET https://kcorey-demo.jamacloud.com/rest/v1/itemtypes
2026-09-16 16:09:32,241 INFO GET https://kcorey-demo.jamacloud.com/rest/v1/itemtypes
2026-09-16 16:09:32,473 INFO GET https://kcorey-demo.jamacloud.com/rest/v1/itemtypes/22
2026-09-16 16:09:32,635 INFO GET https://kcorey-demo.jamacloud.com/rest/v1/itemtypes/24
2026-09-16 16:09:32,803 INFO GET https://kcorey-demo.jamacloud.com/rest/v1/itemtypes/26
2026-09-16 16:09:32,988 INFO GET https://kcorey-demo.jamacloud.com/rest/v1/itemtypes/27
2026-09-16 16:09:33,165 INFO GET https://kcorey-demo.jamacloud.com/rest/v1/itemtypes/28
2026-09-16 16:09:33,339 INFO GET https://kcorey-demo.jamacloud.com/rest/v1/itemtypes/30
2026-09-16 16:09:33,487 INFO GET https://kcorey-demo.jamacloud.com/rest/v1/itemtypes/31
2026-09-16 16:09:33,646 INFO GET https://kcorey-demo.jamacloud.com/rest/v1/itemtypes/32
2026-09-16 16:09:33,818 INFO GET https://kcorey-demo.jamacloud.com/rest/v1/itemtypes/33
2026-09-16 16:09:33,953 INFO GET https://kcorey-demo.jamacloud.com/rest/v1/itemtypes/34
2026-09-16 16:09:34,142 INFO GET https://kcorey-demo.jamacloud.com/rest/v1/itemtypes/35
2026-09-16 16:09:34,273 INFO GET https://kcorey-demo.jamacloud.com/rest/v1/itemtypes/36
2026-09-16 16:09:34,420 INFO GET https://kcorey-demo.jamacloud.com/rest/v1/itemtypes/37
2026-09-16 16:09:34,585 INFO GET https://kcorey-demo.jamacloud.com/rest/v1/itemtypes/132
2026-09-16 16:09:34,736 INFO GET https://kcorey-demo.jamacloud.com/rest/v1/itemtypes/133
2026-09-16 16:09:34,883 INFO GET https://kcorey-demo.jamacloud.com/rest/v1/itemtypes/134
2026-09-16 16:09:35,078 INFO GET https://kcorey-demo.jamacloud.com/rest/v1/itemtypes/135
2026-09-16 16:09:35,207 INFO GET https://kcorey-demo.jamacloud.com/rest/v1/itemtypes/136
2026-09-16 16:09:35,387 INFO GET https://kcorey-demo.jamacloud.com/rest/v1/itemtypes/137
2026-09-16 16:09:35,579 INFO GET https://kcorey-demo.jamacloud.com/rest/v1/itemtypes/138
2026-09-16 16:09:35,721 INFO GET https://kcorey-demo.jamacloud.com/rest/v1/itemtypes/139
2026-09-16 16:09:35,897 INFO GET https://kcorey-demo.jamacloud.com/rest/v1/itemtypes/140
2026-09-16 16:09:36,036 INFO GET https://kcorey-demo.jamacloud.com/rest/v1/itemtypes/141
2026-09-16 16:09:36,181 INFO GET https://kcorey-demo.jamacloud.com/rest/v1/itemtypes/142
2026-09-16 16:10:22,048 INFO GET https://kcorey-demo.jamacloud.com/rest/v1/abstractitems
2026-09-16 16:10:23,169 INFO GET https://kcorey-demo.jamacloud.com/rest/v1/abstractitems
2026-09-16 16:10:24,265 INFO GET https://kcorey-demo.jamacloud.com/rest/v1/abstractitems
2026-09-16 16:10:24,670 INFO GET https://kcorey-demo.jamacloud.com/rest/v1/itemtypes/30
2026-09-16 16:10:24,855 INFO GET https://kcorey-demo.jamacloud.com/rest/v1/itemtypes/31
2026-09-16 16:10:25,061 INFO GET https://kcorey-demo.jamacloud.com/rest/v1/itemtypes/32
2026-09-16 16:10:25,204 INFO GET https://kcorey-demo.jamacloud.com/rest/v1/itemtypes/132
2026-09-16 16:10:25,470 INFO GET https://kcorey-demo.jamacloud.com/rest/v1/itemtypes/133
2026-09-16 16:10:25,664 INFO GET https://kcorey-demo.jamacloud.com/rest/v1/itemtypes/134
2026-09-16 16:10:25,831 INFO GET https://kcorey-demo.jamacloud.com/rest/v1/itemtypes/136
2026-09-16 16:10:26,088 INFO GET https://kcorey-demo.jamacloud.com/rest/v1/itemtypes/139
2026-09-16 16:10:26,243 INFO GET https://kcorey-demo.jamacloud.com/rest/v1/picklists
2026-09-16 16:10:26,423 INFO GET https://kcorey-demo.jamacloud.com/rest/v1/picklists/249/options
2026-09-16 16:10:26,592 INFO GET https://kcorey-demo.jamacloud.com/rest/v1/picklists/270/options
2026-09-16 16:10:26,838 INFO GET https://kcorey-demo.jamacloud.com/rest/v1/picklists/228/options
2026-09-16 16:10:27,023 INFO GET https://kcorey-demo.jamacloud.com/rest/v1/picklists/248/options
2026-09-16 16:10:27,170 INFO GET https://kcorey-demo.jamacloud.com/rest/v1/picklists/276/options
2026-09-16 16:10:27,347 INFO GET https://kcorey-demo.jamacloud.com/rest/v1/picklists/63/options
2026-09-16 16:10:27,460 INFO GET https://kcorey-demo.jamacloud.com/rest/v1/picklists/235/options
2026-09-16 16:10:27,595 INFO GET https://kcorey-demo.jamacloud.com/rest/v1/picklists/225/options
2026-09-16 16:10:27,738 INFO GET https://kcorey-demo.jamacloud.com/rest/v1/projects/47/relationshipruleset
2026-09-16 16:10:27,938 ERROR GET https://kcorey-demo.jamacloud.com/rest/v1/projects/47/relationshipruleset failed (404): This resource does not exist
2026-09-16 16:10:27,938 INFO GET https://kcorey-demo.jamacloud.com/rest/v1/relationshiprulesets
2026-09-16 16:10:28,091 INFO GET https://kcorey-demo.jamacloud.com/rest/v1/relationshiprulesets/1/relationships
2026-09-16 16:10:28,241 ERROR GET https://kcorey-demo.jamacloud.com/rest/v1/relationshiprulesets/1/relationships failed (404): This resource does not exist
2026-09-16 16:10:28,241 WARNING Relationship rule set unavailable: Jama returned HTTP 404: This resource does not exist
2026-09-16 16:10:28,243 INFO GET https://kcorey-demo.jamacloud.com/rest/v1/users
2026-09-16 16:10:28,555 INFO GET https://kcorey-demo.jamacloud.com/rest/v1/picklists
2026-09-16 16:10:28,681 INFO GET https://kcorey-demo.jamacloud.com/rest/v1/picklists/275/options
2026-09-16 16:10:28,850 INFO GET https://kcorey-demo.jamacloud.com/rest/v1/picklists/251/options
2026-09-16 16:10:29,067 INFO GET https://kcorey-demo.jamacloud.com/rest/v1/picklists/249/options
2026-09-16 16:10:29,255 INFO GET https://kcorey-demo.jamacloud.com/rest/v1/picklists/270/options
2026-09-16 16:10:29,444 INFO GET https://kcorey-demo.jamacloud.com/rest/v1/picklists/271/options
2026-09-16 16:10:29,573 INFO GET https://kcorey-demo.jamacloud.com/rest/v1/picklists/226/options
2026-09-16 16:10:29,766 INFO GET https://kcorey-demo.jamacloud.com/rest/v1/picklists/228/options
2026-09-16 16:10:29,917 INFO GET https://kcorey-demo.jamacloud.com/rest/v1/picklists/266/options
2026-09-16 16:10:30,080 INFO GET https://kcorey-demo.jamacloud.com/rest/v1/picklists/252/options
2026-09-16 16:10:30,249 INFO GET https://kcorey-demo.jamacloud.com/rest/v1/picklists/272/options
2026-09-16 16:10:30,425 INFO GET https://kcorey-demo.jamacloud.com/rest/v1/picklists/273/options
2026-09-16 16:10:30,576 INFO GET https://kcorey-demo.jamacloud.com/rest/v1/picklists/268/options
2026-09-16 16:10:30,729 INFO GET https://kcorey-demo.jamacloud.com/rest/v1/picklists/62/options
2026-09-16 16:10:30,904 INFO GET https://kcorey-demo.jamacloud.com/rest/v1/picklists/33/options
2026-09-16 16:10:31,039 INFO GET https://kcorey-demo.jamacloud.com/rest/v1/picklists/31/options
2026-09-16 16:10:31,201 INFO GET https://kcorey-demo.jamacloud.com/rest/v1/picklists/34/options
2026-09-16 16:10:31,350 INFO GET https://kcorey-demo.jamacloud.com/rest/v1/picklists/248/options
2026-09-16 16:10:31,507 INFO GET https://kcorey-demo.jamacloud.com/rest/v1/picklists/276/options
2026-09-16 16:10:31,680 INFO GET https://kcorey-demo.jamacloud.com/rest/v1/picklists/250/options
2026-09-16 16:10:31,859 INFO GET https://kcorey-demo.jamacloud.com/rest/v1/picklists/258/options
2026-09-16 16:10:32,023 INFO GET https://kcorey-demo.jamacloud.com/rest/v1/picklists/253/options
2026-09-16 16:10:32,217 INFO GET https://kcorey-demo.jamacloud.com/rest/v1/picklists/259/options
2026-09-16 16:10:32,368 INFO GET https://kcorey-demo.jamacloud.com/rest/v1/picklists/260/options
2026-09-16 16:10:32,527 INFO GET https://kcorey-demo.jamacloud.com/rest/v1/picklists/63/options
2026-09-16 16:10:32,642 INFO GET https://kcorey-demo.jamacloud.com/rest/v1/picklists/261/options
2026-09-16 16:10:32,797 INFO GET https://kcorey-demo.jamacloud.com/rest/v1/picklists/255/options
2026-09-16 16:10:32,926 INFO GET https://kcorey-demo.jamacloud.com/rest/v1/picklists/254/options
2026-09-16 16:10:33,132 INFO GET https://kcorey-demo.jamacloud.com/rest/v1/picklists/274/options
2026-09-16 16:10:33,272 INFO GET https://kcorey-demo.jamacloud.com/rest/v1/picklists/121/options
2026-09-16 16:10:33,416 INFO GET https://kcorey-demo.jamacloud.com/rest/v1/picklists/235/options
2026-09-16 16:10:33,552 INFO GET https://kcorey-demo.jamacloud.com/rest/v1/picklists/225/options
