2026-09-16 11:32:08,228 INFO GET https://kcorey-demo.jamacloud.com/rest/v1/projects
2026-09-16 11:32:08,478 INFO GET https://kcorey-demo.jamacloud.com/rest/v1/projects
2026-09-16 11:32:14,063 INFO GET https://kcorey-demo.jamacloud.com/rest/v1/abstractitems
2026-09-16 11:32:15,252 INFO GET https://kcorey-demo.jamacloud.com/rest/v1/abstractitems
2026-09-16 11:32:16,129 INFO GET https://kcorey-demo.jamacloud.com/rest/v1/itemtypes/28
2026-09-16 11:32:16,278 INFO GET https://kcorey-demo.jamacloud.com/rest/v1/itemtypes/30
2026-09-16 11:32:16,445 INFO GET https://kcorey-demo.jamacloud.com/rest/v1/itemtypes/31
2026-09-16 11:32:16,608 INFO GET https://kcorey-demo.jamacloud.com/rest/v1/itemtypes/132
2026-09-16 11:32:16,730 INFO GET https://kcorey-demo.jamacloud.com/rest/v1/itemtypes/133
2026-09-16 11:32:16,921 INFO GET https://kcorey-demo.jamacloud.com/rest/v1/itemtypes/134
2026-09-16 11:32:17,063 INFO GET https://kcorey-demo.jamacloud.com/rest/v1/itemtypes/136
2026-09-16 11:32:17,213 INFO GET https://kcorey-demo.jamacloud.com/rest/v1/picklists
2026-09-16 11:32:17,397 INFO GET https://kcorey-demo.jamacloud.com/rest/v1/picklists/249/options
2026-09-16 11:32:17,543 INFO GET https://kcorey-demo.jamacloud.com/rest/v1/picklists/270/options
2026-09-16 11:32:18,697 INFO GET https://kcorey-demo.jamacloud.com/rest/v1/picklists/228/options
2026-09-16 11:32:18,847 INFO GET https://kcorey-demo.jamacloud.com/rest/v1/picklists/248/options
2026-09-16 11:32:19,048 INFO GET https://kcorey-demo.jamacloud.com/rest/v1/picklists/276/options
2026-09-16 11:32:19,224 INFO GET https://kcorey-demo.jamacloud.com/rest/v1/picklists/63/options
2026-09-16 11:32:19,356 INFO GET https://kcorey-demo.jamacloud.com/rest/v1/picklists/274/options
2026-09-16 11:32:19,510 INFO GET https://kcorey-demo.jamacloud.com/rest/v1/picklists/235/options
2026-09-16 11:32:19,635 INFO GET https://kcorey-demo.jamacloud.com/rest/v1/picklists/225/options
2026-09-16 11:32:19,786 INFO GET https://kcorey-demo.jamacloud.com/rest/v1/projects/62/relationshipruleset
2026-09-16 11:32:19,949 ERROR GET https://kcorey-demo.jamacloud.com/rest/v1/projects/62/relationshipruleset failed (404): This resource does not exist
2026-09-16 11:32:19,950 INFO GET https://kcorey-demo.jamacloud.com/rest/v1/relationshiprulesets
2026-09-16 11:32:20,181 INFO GET https://kcorey-demo.jamacloud.com/rest/v1/relationshiprulesets/1/relationships
2026-09-16 11:32:20,323 ERROR GET https://kcorey-demo.jamacloud.com/rest/v1/relationshiprulesets/1/relationships failed (404): This resource does not exist
2026-09-16 11:32:20,324 WARNING Relationship rule set unavailable: Jama returned HTTP 404: This resource does not exist
2026-09-16 11:32:20,324 INFO GET https://kcorey-demo.jamacloud.com/rest/v1/users
2026-09-16 11:32:33,580 INFO GET https://kcorey-demo.jamacloud.com/rest/v1/abstractitems
2026-09-16 11:32:34,486 INFO GET https://kcorey-demo.jamacloud.com/rest/v1/abstractitems
2026-09-16 11:32:35,027 INFO GET https://kcorey-demo.jamacloud.com/rest/v1/itemtypes/28
2026-09-16 11:32:35,214 INFO GET https://kcorey-demo.jamacloud.com/rest/v1/itemtypes/30
2026-09-16 11:32:35,352 INFO GET https://kcorey-demo.jamacloud.com/rest/v1/itemtypes/31
2026-09-16 11:32:35,493 INFO GET https://kcorey-demo.jamacloud.com/rest/v1/itemtypes/132
2026-09-16 11:32:35,610 INFO GET https://kcorey-demo.jamacloud.com/rest/v1/itemtypes/133
2026-09-16 11:32:35,763 INFO GET https://kcorey-demo.jamacloud.com/rest/v1/itemtypes/134
2026-09-16 11:32:35,948 INFO GET https://kcorey-demo.jamacloud.com/rest/v1/itemtypes/136
2026-09-16 11:32:36,137 INFO GET https://kcorey-demo.jamacloud.com/rest/v1/picklists
2026-09-16 11:32:36,248 INFO GET https://kcorey-demo.jamacloud.com/rest/v1/picklists/249/options
2026-09-16 11:32:36,388 INFO GET https://kcorey-demo.jamacloud.com/rest/v1/picklists/270/options
2026-09-16 11:32:36,560 INFO GET https://kcorey-demo.jamacloud.com/rest/v1/picklists/228/options
2026-09-16 11:32:36,734 INFO GET https://kcorey-demo.jamacloud.com/rest/v1/picklists/248/options
2026-09-16 11:32:36,867 INFO GET https://kcorey-demo.jamacloud.com/rest/v1/picklists/276/options
2026-09-16 11:32:37,026 INFO GET https://kcorey-demo.jamacloud.com/rest/v1/picklists/63/options
2026-09-16 11:32:37,187 INFO GET https://kcorey-demo.jamacloud.com/rest/v1/picklists/274/options
2026-09-16 11:32:37,345 INFO GET https://kcorey-demo.jamacloud.com/rest/v1/picklists/235/options
2026-09-16 11:32:37,482 INFO GET https://kcorey-demo.jamacloud.com/rest/v1/picklists/225/options
2026-09-16 11:32:37,612 INFO GET https://kcorey-demo.jamacloud.com/rest/v1/projects/62/relationshipruleset
2026-09-16 11:32:37,755 ERROR GET https://kcorey-demo.jamacloud.com/rest/v1/projects/62/relationshipruleset failed (404): This resource does not exist
2026-09-16 11:32:37,755 INFO GET https://kcorey-demo.jamacloud.com/rest/v1/relationshiprulesets
2026-09-16 11:32:37,939 INFO GET https://kcorey-demo.jamacloud.com/rest/v1/relationshiprulesets/1/relationships
2026-09-16 11:32:38,092 ERROR GET https://kcorey-demo.jamacloud.com/rest/v1/relationshiprulesets/1/relationships failed (404): This resource does not exist
2026-09-16 11:32:38,092 WARNING Relationship rule set unavailable: Jama returned HTTP 404: This resource does not exist
2026-09-16 11:32:38,093 INFO GET https://kcorey-demo.jamacloud.com/rest/v1/users
2026-09-16 11:32:38,317 INFO GET https://kcorey-demo.jamacloud.com/rest/v1/picklists
2026-09-16 11:32:39,484 INFO GET https://kcorey-demo.jamacloud.com/rest/v1/picklists/275/options
2026-09-16 11:32:39,640 INFO GET https://kcorey-demo.jamacloud.com/rest/v1/picklists/251/options
2026-09-16 11:32:39,793 INFO GET https://kcorey-demo.jamacloud.com/rest/v1/picklists/249/options
2026-09-16 11:32:39,925 INFO GET https://kcorey-demo.jamacloud.com/rest/v1/picklists/270/options
2026-09-16 11:32:40,056 INFO GET https://kcorey-demo.jamacloud.com/rest/v1/picklists/271/options
2026-09-16 11:32:40,218 INFO GET https://kcorey-demo.jamacloud.com/rest/v1/picklists/226/options
2026-09-16 11:32:40,368 INFO GET https://kcorey-demo.jamacloud.com/rest/v1/picklists/228/options
2026-09-16 11:32:40,503 INFO GET https://kcorey-demo.jamacloud.com/rest/v1/picklists/266/options
2026-09-16 11:32:40,676 INFO GET https://kcorey-demo.jamacloud.com/rest/v1/picklists/252/options
2026-09-16 11:32:40,824 INFO GET https://kcorey-demo.jamacloud.com/rest/v1/picklists/272/options
2026-09-16 11:32:41,003 INFO GET https://kcorey-demo.jamacloud.com/rest/v1/picklists/273/options
2026-09-16 11:32:41,134 INFO GET https://kcorey-demo.jamacloud.com/rest/v1/picklists/268/options
2026-09-16 11:32:41,341 INFO GET https://kcorey-demo.jamacloud.com/rest/v1/picklists/62/options
2026-09-16 11:32:41,491 INFO GET https://kcorey-demo.jamacloud.com/rest/v1/picklists/33/options
2026-09-16 11:32:41,615 INFO GET https://kcorey-demo.jamacloud.com/rest/v1/picklists/31/options
2026-09-16 11:32:41,796 INFO GET https://kcorey-demo.jamacloud.com/rest/v1/picklists/34/options
2026-09-16 11:32:41,967 INFO GET https://kcorey-demo.jamacloud.com/rest/v1/picklists/248/options
2026-09-16 11:32:42,117 INFO GET https://kcorey-demo.jamacloud.com/rest/v1/picklists/276/options
2026-09-16 11:32:42,255 INFO GET https://kcorey-demo.jamacloud.com/rest/v1/picklists/250/options
2026-09-16 11:32:42,396 INFO GET https://kcorey-demo.jamacloud.com/rest/v1/picklists/258/options
2026-09-16 11:32:42,570 INFO GET https://kcorey-demo.jamacloud.com/rest/v1/picklists/253/options
2026-09-16 11:32:42,702 INFO GET https://kcorey-demo.jamacloud.com/rest/v1/picklists/259/options
2026-09-16 11:32:42,877 INFO GET https://kcorey-demo.jamacloud.com/rest/v1/picklists/260/options
2026-09-16 11:32:43,074 INFO GET https://kcorey-demo.jamacloud.com/rest/v1/picklists/63/options
2026-09-16 11:32:43,266 INFO GET https://kcorey-demo.jamacloud.com/rest/v1/picklists/261/options
2026-09-16 11:32:43,426 INFO GET https://kcorey-demo.jamacloud.com/rest/v1/picklists/255/options
2026-09-16 11:32:43,561 INFO GET https://kcorey-demo.jamacloud.com/rest/v1/picklists/254/options
2026-09-16 11:32:43,722 INFO GET https://kcorey-demo.jamacloud.com/rest/v1/picklists/274/options
2026-09-16 11:32:43,858 INFO GET https://kcorey-demo.jamacloud.com/rest/v1/picklists/121/options
2026-09-16 11:32:44,081 INFO GET https://kcorey-demo.jamacloud.com/rest/v1/picklists/235/options
2026-09-16 11:32:44,234 INFO GET https://kcorey-demo.jamacloud.com/rest/v1/picklists/225/options
2026-09-16 11:32:44,405 INFO GET https://kcorey-demo.jamacloud.com/rest/v1/itemtypes
2026-09-16 11:32:44,604 INFO GET https://kcorey-demo.jamacloud.com/rest/v1/itemtypes/22
2026-09-16 11:32:44,770 INFO GET https://kcorey-demo.jamacloud.com/rest/v1/itemtypes/24
2026-09-16 11:32:44,914 INFO GET https://kcorey-demo.jamacloud.com/rest/v1/itemtypes/26
2026-09-16 11:32:45,077 INFO GET https://kcorey-demo.jamacloud.com/rest/v1/itemtypes/27
2026-09-16 11:32:45,271 INFO GET https://kcorey-demo.jamacloud.com/rest/v1/itemtypes/28
2026-09-16 11:32:45,455 INFO GET https://kcorey-demo.jamacloud.com/rest/v1/itemtypes/30
2026-09-16 11:32:45,596 INFO GET https://kcorey-demo.jamacloud.com/rest/v1/itemtypes/31
2026-09-16 11:32:45,734 INFO GET https://kcorey-demo.jamacloud.com/rest/v1/itemtypes/32
2026-09-16 11:32:45,892 INFO GET https://kcorey-demo.jamacloud.com/rest/v1/itemtypes/33
2026-09-16 11:32:46,058 INFO GET https://kcorey-demo.jamacloud.com/rest/v1/itemtypes/34
2026-09-16 11:32:46,228 INFO GET https://kcorey-demo.jamacloud.com/rest/v1/itemtypes/35
2026-09-16 11:32:46,408 INFO GET https://kcorey-demo.jamacloud.com/rest/v1/itemtypes/36
2026-09-16 11:32:46,549 INFO GET https://kcorey-demo.jamacloud.com/rest/v1/itemtypes/37
2026-09-16 11:32:46,676 INFO GET https://kcorey-demo.jamacloud.com/rest/v1/itemtypes/132
2026-09-16 11:32:46,820 INFO GET https://kcorey-demo.jamacloud.com/rest/v1/itemtypes/133
2026-09-16 11:32:46,976 INFO GET https://kcorey-demo.jamacloud.com/rest/v1/itemtypes/134
2026-09-16 11:32:47,155 INFO GET https://kcorey-demo.jamacloud.com/rest/v1/itemtypes/135
2026-09-16 11:32:47,333 INFO GET https://kcorey-demo.jamacloud.com/rest/v1/itemtypes/136
2026-09-16 11:32:47,493 INFO GET https://kcorey-demo.jamacloud.com/rest/v1/itemtypes/137
2026-09-16 11:32:47,664 INFO GET https://kcorey-demo.jamacloud.com/rest/v1/itemtypes/138
2026-09-16 11:32:47,864 INFO GET https://kcorey-demo.jamacloud.com/rest/v1/itemtypes/139
2026-09-16 11:32:48,030 INFO GET https://kcorey-demo.jamacloud.com/rest/v1/itemtypes/140
2026-09-16 11:32:48,169 INFO GET https://kcorey-demo.jamacloud.com/rest/v1/itemtypes/141
2026-09-16 11:32:48,307 INFO GET https://kcorey-demo.jamacloud.com/rest/v1/itemtypes/142
2026-09-16 11:32:48,454 INFO GET https://kcorey-demo.jamacloud.com/rest/v1/itemtypes/159
2026-09-16 11:33:29,118 INFO GET https://kcorey-demo.jamacloud.com/rest/v1/abstractitems
2026-09-16 11:33:30,128 INFO GET https://kcorey-demo.jamacloud.com/rest/v1/abstractitems
2026-09-16 11:33:30,827 INFO GET https://kcorey-demo.jamacloud.com/rest/v1/itemtypes/28
2026-09-16 11:33:30,987 INFO GET https://kcorey-demo.jamacloud.com/rest/v1/itemtypes/30
2026-09-16 11:33:31,137 INFO GET https://kcorey-demo.jamacloud.com/rest/v1/itemtypes/31
2026-09-16 11:33:31,246 INFO GET https://kcorey-demo.jamacloud.com/rest/v1/itemtypes/132
2026-09-16 11:33:31,420 INFO GET https://kcorey-demo.jamacloud.com/rest/v1/itemtypes/133
2026-09-16 11:33:31,622 INFO GET https://kcorey-demo.jamacloud.com/rest/v1/itemtypes/134
2026-09-16 11:33:31,778 INFO GET https://kcorey-demo.jamacloud.com/rest/v1/itemtypes/136
2026-09-16 11:33:31,927 INFO GET https://kcorey-demo.jamacloud.com/rest/v1/picklists
2026-09-16 11:33:32,084 INFO GET https://kcorey-demo.jamacloud.com/rest/v1/picklists/249/options
2026-09-16 11:33:32,236 INFO GET https://kcorey-demo.jamacloud.com/rest/v1/picklists/270/options
2026-09-16 11:33:32,492 INFO GET https://kcorey-demo.jamacloud.com/rest/v1/picklists/228/options
2026-09-16 11:33:32,645 INFO GET https://kcorey-demo.jamacloud.com/rest/v1/picklists/248/options
2026-09-16 11:33:32,835 INFO GET https://kcorey-demo.jamacloud.com/rest/v1/picklists/276/options
2026-09-16 11:33:32,997 INFO GET https://kcorey-demo.jamacloud.com/rest/v1/picklists/63/options
2026-09-16 11:33:33,145 INFO GET https://kcorey-demo.jamacloud.com/rest/v1/picklists/274/options
2026-09-16 11:33:33,327 INFO GET https://kcorey-demo.jamacloud.com/rest/v1/picklists/235/options
2026-09-16 11:33:33,490 INFO GET https://kcorey-demo.jamacloud.com/rest/v1/picklists/225/options
2026-09-16 11:33:33,643 INFO GET https://kcorey-demo.jamacloud.com/rest/v1/projects/62/relationshipruleset
2026-09-16 11:33:33,799 ERROR GET https://kcorey-demo.jamacloud.com/rest/v1/projects/62/relationshipruleset failed (404): This resource does not exist
2026-09-16 11:33:33,800 INFO GET https://kcorey-demo.jamacloud.com/rest/v1/relationshiprulesets
2026-09-16 11:33:33,992 INFO GET https://kcorey-demo.jamacloud.com/rest/v1/relationshiprulesets/1/relationships
2026-09-16 11:33:34,108 ERROR GET https://kcorey-demo.jamacloud.com/rest/v1/relationshiprulesets/1/relationships failed (404): This resource does not exist
2026-09-16 11:33:34,108 WARNING Relationship rule set unavailable: Jama returned HTTP 404: This resource does not exist
2026-09-16 11:33:34,109 INFO GET https://kcorey-demo.jamacloud.com/rest/v1/users
