2026-09-15 17:28:09,151 INFO GET https://kcorey-demo.jamacloud.com/rest/v1/projects
2026-09-15 17:28:09,457 INFO GET https://kcorey-demo.jamacloud.com/rest/v1/projects
2026-09-15 17:28:22,371 INFO GET https://kcorey-demo.jamacloud.com/rest/v1/abstractitems
2026-09-15 17:28:23,631 INFO GET https://kcorey-demo.jamacloud.com/rest/v1/itemtypes/30
2026-09-15 17:28:23,807 INFO GET https://kcorey-demo.jamacloud.com/rest/v1/itemtypes/31
2026-09-15 17:28:23,958 INFO GET https://kcorey-demo.jamacloud.com/rest/v1/itemtypes/32
2026-09-15 17:28:24,102 INFO GET https://kcorey-demo.jamacloud.com/rest/v1/itemtypes/133
2026-09-15 17:28:24,296 INFO GET https://kcorey-demo.jamacloud.com/rest/v1/itemtypes/136
2026-09-15 17:28:24,437 INFO GET https://kcorey-demo.jamacloud.com/rest/v1/itemtypes/140
2026-09-15 17:28:24,598 INFO GET https://kcorey-demo.jamacloud.com/rest/v1/itemtypes/141
2026-09-15 17:28:24,757 INFO GET https://kcorey-demo.jamacloud.com/rest/v1/picklists
2026-09-15 17:28:24,922 INFO GET https://kcorey-demo.jamacloud.com/rest/v1/picklists/270/options
2026-09-15 17:28:25,082 INFO GET https://kcorey-demo.jamacloud.com/rest/v1/picklists/248/options
2026-09-15 17:28:25,249 INFO GET https://kcorey-demo.jamacloud.com/rest/v1/picklists/276/options
2026-09-15 17:28:25,449 INFO GET https://kcorey-demo.jamacloud.com/rest/v1/picklists/255/options
2026-09-15 17:28:25,638 INFO GET https://kcorey-demo.jamacloud.com/rest/v1/picklists/254/options
2026-09-15 17:28:25,765 INFO GET https://kcorey-demo.jamacloud.com/rest/v1/picklists/235/options
2026-09-15 17:28:25,923 INFO GET https://kcorey-demo.jamacloud.com/rest/v1/picklists/225/options
2026-09-15 17:28:26,065 INFO GET https://kcorey-demo.jamacloud.com/rest/v1/projects/51/relationshipruleset
2026-09-15 17:28:26,210 ERROR GET https://kcorey-demo.jamacloud.com/rest/v1/projects/51/relationshipruleset failed (404): This resource does not exist
2026-09-15 17:28:26,210 INFO GET https://kcorey-demo.jamacloud.com/rest/v1/relationshiprulesets
2026-09-15 17:28:26,456 INFO GET https://kcorey-demo.jamacloud.com/rest/v1/relationshiprulesets/1/relationships
2026-09-15 17:28:26,571 ERROR GET https://kcorey-demo.jamacloud.com/rest/v1/relationshiprulesets/1/relationships failed (404): This resource does not exist
2026-09-15 17:28:26,571 WARNING Relationship rule set unavailable: Jama returned HTTP 404: This resource does not exist
2026-09-15 17:28:26,572 INFO GET https://kcorey-demo.jamacloud.com/rest/v1/users
2026-09-15 17:28:26,765 INFO GET https://kcorey-demo.jamacloud.com/rest/v1/picklists
2026-09-15 17:28:26,923 INFO GET https://kcorey-demo.jamacloud.com/rest/v1/picklists/275/options
2026-09-15 17:28:27,068 INFO GET https://kcorey-demo.jamacloud.com/rest/v1/picklists/251/options
2026-09-15 17:28:27,225 INFO GET https://kcorey-demo.jamacloud.com/rest/v1/picklists/249/options
2026-09-15 17:28:27,357 INFO GET https://kcorey-demo.jamacloud.com/rest/v1/picklists/270/options
2026-09-15 17:28:27,530 INFO GET https://kcorey-demo.jamacloud.com/rest/v1/picklists/271/options
2026-09-15 17:28:27,728 INFO GET https://kcorey-demo.jamacloud.com/rest/v1/picklists/226/options
2026-09-15 17:28:27,837 INFO GET https://kcorey-demo.jamacloud.com/rest/v1/picklists/228/options
2026-09-15 17:28:28,039 INFO GET https://kcorey-demo.jamacloud.com/rest/v1/picklists/266/options
2026-09-15 17:28:28,207 INFO GET https://kcorey-demo.jamacloud.com/rest/v1/picklists/252/options
2026-09-15 17:28:28,338 INFO GET https://kcorey-demo.jamacloud.com/rest/v1/picklists/272/options
2026-09-15 17:28:28,464 INFO GET https://kcorey-demo.jamacloud.com/rest/v1/picklists/273/options
2026-09-15 17:28:28,631 INFO GET https://kcorey-demo.jamacloud.com/rest/v1/picklists/268/options
2026-09-15 17:28:28,815 INFO GET https://kcorey-demo.jamacloud.com/rest/v1/picklists/62/options
2026-09-15 17:28:28,984 INFO GET https://kcorey-demo.jamacloud.com/rest/v1/picklists/33/options
2026-09-15 17:28:29,153 INFO GET https://kcorey-demo.jamacloud.com/rest/v1/picklists/31/options
2026-09-15 17:28:29,281 INFO GET https://kcorey-demo.jamacloud.com/rest/v1/picklists/34/options
2026-09-15 17:28:29,451 INFO GET https://kcorey-demo.jamacloud.com/rest/v1/picklists/248/options
2026-09-15 17:28:29,614 INFO GET https://kcorey-demo.jamacloud.com/rest/v1/picklists/276/options
2026-09-15 17:28:29,745 INFO GET https://kcorey-demo.jamacloud.com/rest/v1/picklists/250/options
2026-09-15 17:28:29,891 INFO GET https://kcorey-demo.jamacloud.com/rest/v1/picklists/258/options
2026-09-15 17:28:30,017 INFO GET https://kcorey-demo.jamacloud.com/rest/v1/picklists/253/options
2026-09-15 17:28:30,136 INFO GET https://kcorey-demo.jamacloud.com/rest/v1/picklists/259/options
2026-09-15 17:28:30,298 INFO GET https://kcorey-demo.jamacloud.com/rest/v1/picklists/260/options
2026-09-15 17:28:30,419 INFO GET https://kcorey-demo.jamacloud.com/rest/v1/picklists/63/options
2026-09-15 17:28:30,539 INFO GET https://kcorey-demo.jamacloud.com/rest/v1/picklists/261/options
2026-09-15 17:28:30,695 INFO GET https://kcorey-demo.jamacloud.com/rest/v1/picklists/255/options
2026-09-15 17:28:30,839 INFO GET https://kcorey-demo.jamacloud.com/rest/v1/picklists/254/options
2026-09-15 17:28:30,989 INFO GET https://kcorey-demo.jamacloud.com/rest/v1/picklists/274/options
2026-09-15 17:28:31,139 INFO GET https://kcorey-demo.jamacloud.com/rest/v1/picklists/121/options
2026-09-15 17:28:31,311 INFO GET https://kcorey-demo.jamacloud.com/rest/v1/picklists/235/options
2026-09-15 17:28:31,483 INFO GET https://kcorey-demo.jamacloud.com/rest/v1/picklists/225/options
2026-09-15 17:28:31,671 INFO GET https://kcorey-demo.jamacloud.com/rest/v1/itemtypes
2026-09-15 17:28:31,909 INFO GET https://kcorey-demo.jamacloud.com/rest/v1/itemtypes/22
2026-09-15 17:28:32,071 INFO GET https://kcorey-demo.jamacloud.com/rest/v1/itemtypes/24
2026-09-15 17:28:32,218 INFO GET https://kcorey-demo.jamacloud.com/rest/v1/itemtypes/26
2026-09-15 17:28:32,371 INFO GET https://kcorey-demo.jamacloud.com/rest/v1/itemtypes/27
2026-09-15 17:28:32,532 INFO GET https://kcorey-demo.jamacloud.com/rest/v1/itemtypes/28
2026-09-15 17:28:32,747 INFO GET https://kcorey-demo.jamacloud.com/rest/v1/itemtypes/30
2026-09-15 17:28:32,891 INFO GET https://kcorey-demo.jamacloud.com/rest/v1/itemtypes/31
2026-09-15 17:28:33,061 INFO GET https://kcorey-demo.jamacloud.com/rest/v1/itemtypes/32
2026-09-15 17:28:33,225 INFO GET https://kcorey-demo.jamacloud.com/rest/v1/itemtypes/33
2026-09-15 17:28:33,388 INFO GET https://kcorey-demo.jamacloud.com/rest/v1/itemtypes/34
2026-09-15 17:28:33,548 INFO GET https://kcorey-demo.jamacloud.com/rest/v1/itemtypes/35
2026-09-15 17:28:33,696 INFO GET https://kcorey-demo.jamacloud.com/rest/v1/itemtypes/36
2026-09-15 17:28:33,855 INFO GET https://kcorey-demo.jamacloud.com/rest/v1/itemtypes/37
2026-09-15 17:28:34,001 INFO GET https://kcorey-demo.jamacloud.com/rest/v1/itemtypes/132
2026-09-15 17:28:34,135 INFO GET https://kcorey-demo.jamacloud.com/rest/v1/itemtypes/133
2026-09-15 17:28:34,307 INFO GET https://kcorey-demo.jamacloud.com/rest/v1/itemtypes/134
2026-09-15 17:28:34,449 INFO GET https://kcorey-demo.jamacloud.com/rest/v1/itemtypes/135
2026-09-15 17:28:34,611 INFO GET https://kcorey-demo.jamacloud.com/rest/v1/itemtypes/136
2026-09-15 17:28:34,778 INFO GET https://kcorey-demo.jamacloud.com/rest/v1/itemtypes/137
2026-09-15 17:28:34,966 INFO GET https://kcorey-demo.jamacloud.com/rest/v1/itemtypes/138
2026-09-15 17:28:35,130 INFO GET https://kcorey-demo.jamacloud.com/rest/v1/itemtypes/139
2026-09-15 17:28:35,288 INFO GET https://kcorey-demo.jamacloud.com/rest/v1/itemtypes/140
2026-09-15 17:28:35,425 INFO GET https://kcorey-demo.jamacloud.com/rest/v1/itemtypes/141
2026-09-15 17:28:35,558 INFO GET https://kcorey-demo.jamacloud.com/rest/v1/itemtypes/142
2026-09-15 17:28:35,677 INFO GET https://kcorey-demo.jamacloud.com/rest/v1/itemtypes/152
2026-09-15 17:28:35,839 INFO GET https://kcorey-demo.jamacloud.com/rest/v1/itemtypes/153
2026-09-15 17:28:35,957 INFO GET https://kcorey-demo.jamacloud.com/rest/v1/itemtypes/154
2026-09-15 17:28:36,105 INFO GET https://kcorey-demo.jamacloud.com/rest/v1/itemtypes/155
2026-09-15 17:28:36,238 INFO GET https://kcorey-demo.jamacloud.com/rest/v1/itemtypes/156
2026-09-15 17:28:36,355 INFO GET https://kcorey-demo.jamacloud.com/rest/v1/itemtypes/158
2026-09-15 17:28:36,495 INFO GET https://kcorey-demo.jamacloud.com/rest/v1/itemtypes/159
2026-09-15 17:28:36,647 INFO GET https://kcorey-demo.jamacloud.com/rest/v1/itemtypes/160
2026-09-15 17:28:36,832 INFO GET https://kcorey-demo.jamacloud.com/rest/v1/itemtypes/161
2026-09-15 17:28:36,997 INFO GET https://kcorey-demo.jamacloud.com/rest/v1/itemtypes/162
2026-09-15 17:28:37,147 INFO GET https://kcorey-demo.jamacloud.com/rest/v1/itemtypes/163
2026-09-15 17:28:37,291 INFO GET https://kcorey-demo.jamacloud.com/rest/v1/itemtypes/164
2026-09-15 17:28:37,430 INFO GET https://kcorey-demo.jamacloud.com/rest/v1/itemtypes/165
2026-09-15 17:28:37,576 INFO GET https://kcorey-demo.jamacloud.com/rest/v1/itemtypes/166
2026-09-15 17:28:37,733 INFO GET https://kcorey-demo.jamacloud.com/rest/v1/itemtypes/167
2026-09-15 17:28:37,886 INFO GET https://kcorey-demo.jamacloud.com/rest/v1/itemtypes/168
