2026-09-16 14:27:07,034 INFO GET https://kcorey-defense.jamacloud.com/rest/v1/projects
2026-09-16 14:27:07,358 INFO GET https://kcorey-defense.jamacloud.com/rest/v1/projects
2026-09-16 14:27:25,536 INFO GET https://kcorey-defense.jamacloud.com/rest/v1/abstractitems
2026-09-16 14:27:27,559 INFO GET https://kcorey-defense.jamacloud.com/rest/v1/abstractitems
2026-09-16 14:27:28,873 INFO GET https://kcorey-defense.jamacloud.com/rest/v1/abstractitems
2026-09-16 14:27:30,181 INFO GET https://kcorey-defense.jamacloud.com/rest/v1/abstractitems
2026-09-16 14:27:31,836 INFO GET https://kcorey-defense.jamacloud.com/rest/v1/abstractitems
2026-09-16 14:27:33,431 INFO GET https://kcorey-defense.jamacloud.com/rest/v1/abstractitems
2026-09-16 14:27:34,858 INFO GET https://kcorey-defense.jamacloud.com/rest/v1/abstractitems
2026-09-16 14:27:36,229 INFO GET https://kcorey-defense.jamacloud.com/rest/v1/abstractitems
2026-09-16 14:27:37,878 INFO GET https://kcorey-defense.jamacloud.com/rest/v1/abstractitems
2026-09-16 14:27:39,190 INFO GET https://kcorey-defense.jamacloud.com/rest/v1/abstractitems
2026-09-16 14:27:40,594 INFO GET https://kcorey-defense.jamacloud.com/rest/v1/abstractitems
2026-09-16 14:27:42,160 INFO GET https://kcorey-defense.jamacloud.com/rest/v1/abstractitems
2026-09-16 14:27:43,611 INFO GET https://kcorey-defense.jamacloud.com/rest/v1/abstractitems
2026-09-16 14:27:45,092 INFO GET https://kcorey-defense.jamacloud.com/rest/v1/abstractitems
2026-09-16 14:27:46,580 INFO GET https://kcorey-defense.jamacloud.com/rest/v1/abstractitems
2026-09-16 14:27:47,885 INFO GET https://kcorey-defense.jamacloud.com/rest/v1/abstractitems
2026-09-16 14:27:49,325 INFO GET https://kcorey-defense.jamacloud.com/rest/v1/itemtypes/30
2026-09-16 14:27:49,431 INFO GET https://kcorey-defense.jamacloud.com/rest/v1/itemtypes/31
2026-09-16 14:27:49,532 INFO GET https://kcorey-defense.jamacloud.com/rest/v1/itemtypes/32
2026-09-16 14:27:49,659 INFO GET https://kcorey-defense.jamacloud.com/rest/v1/itemtypes/33
2026-09-16 14:27:49,760 INFO GET https://kcorey-defense.jamacloud.com/rest/v1/itemtypes/35
2026-09-16 14:27:49,876 INFO GET https://kcorey-defense.jamacloud.com/rest/v1/itemtypes/36
2026-09-16 14:27:50,032 INFO GET https://kcorey-defense.jamacloud.com/rest/v1/itemtypes/37
2026-09-16 14:27:50,165 INFO GET https://kcorey-defense.jamacloud.com/rest/v1/itemtypes/149
2026-09-16 14:27:50,270 INFO GET https://kcorey-defense.jamacloud.com/rest/v1/itemtypes/150
2026-09-16 14:27:50,385 INFO GET https://kcorey-defense.jamacloud.com/rest/v1/itemtypes/155
2026-09-16 14:27:50,502 INFO GET https://kcorey-defense.jamacloud.com/rest/v1/itemtypes/158
2026-09-16 14:27:50,613 INFO GET https://kcorey-defense.jamacloud.com/rest/v1/itemtypes/165
2026-09-16 14:27:50,714 INFO GET https://kcorey-defense.jamacloud.com/rest/v1/itemtypes/166
2026-09-16 14:27:50,869 INFO GET https://kcorey-defense.jamacloud.com/rest/v1/itemtypes/168
2026-09-16 14:27:50,982 INFO GET https://kcorey-defense.jamacloud.com/rest/v1/itemtypes/189
2026-09-16 14:27:51,100 INFO GET https://kcorey-defense.jamacloud.com/rest/v1/itemtypes/190
2026-09-16 14:27:51,214 INFO GET https://kcorey-defense.jamacloud.com/rest/v1/itemtypes/191
2026-09-16 14:27:51,365 INFO GET https://kcorey-defense.jamacloud.com/rest/v1/itemtypes/193
2026-09-16 14:27:51,509 INFO GET https://kcorey-defense.jamacloud.com/rest/v1/picklists
2026-09-16 14:27:51,672 INFO GET https://kcorey-defense.jamacloud.com/rest/v1/picklists
2026-09-16 14:27:51,854 INFO GET https://kcorey-defense.jamacloud.com/rest/v1/picklists/267/options
2026-09-16 14:27:51,982 INFO GET https://kcorey-defense.jamacloud.com/rest/v1/picklists/296/options
2026-09-16 14:27:52,104 INFO GET https://kcorey-defense.jamacloud.com/rest/v1/picklists/295/options
2026-09-16 14:27:52,242 INFO GET https://kcorey-defense.jamacloud.com/rest/v1/picklists/266/options
2026-09-16 14:27:52,402 INFO GET https://kcorey-defense.jamacloud.com/rest/v1/picklists/241/options
2026-09-16 14:27:52,571 INFO GET https://kcorey-defense.jamacloud.com/rest/v1/picklists/94/options
2026-09-16 14:27:52,733 INFO GET https://kcorey-defense.jamacloud.com/rest/v1/picklists/289/options
2026-09-16 14:27:52,908 INFO GET https://kcorey-defense.jamacloud.com/rest/v1/picklists/235/options
2026-09-16 14:27:53,075 INFO GET https://kcorey-defense.jamacloud.com/rest/v1/projects/99/relationshipruleset
2026-09-16 14:27:53,224 ERROR GET https://kcorey-defense.jamacloud.com/rest/v1/projects/99/relationshipruleset failed (404): This resource does not exist
2026-09-16 14:27:53,224 INFO GET https://kcorey-defense.jamacloud.com/rest/v1/relationshiprulesets
2026-09-16 14:27:53,620 INFO GET https://kcorey-defense.jamacloud.com/rest/v1/relationshiprulesets/12/relationships
2026-09-16 14:27:53,731 ERROR GET https://kcorey-defense.jamacloud.com/rest/v1/relationshiprulesets/12/relationships failed (404): This resource does not exist
2026-09-16 14:27:53,731 WARNING Relationship rule set unavailable: Jama returned HTTP 404: This resource does not exist
2026-09-16 14:27:53,732 INFO GET https://kcorey-defense.jamacloud.com/rest/v1/users
2026-09-16 14:27:53,994 INFO Exported configuration to C:\Users\KaylaCorey\IdeaProjects\File-Transfer-ReqIF-Tool\IMS-configuration-20260916-142753.json
2026-09-16 14:33:40,794 INFO GET https://kcorey-demo.jamacloud.com/rest/v1/projects
2026-09-16 14:33:40,977 INFO GET https://kcorey-demo.jamacloud.com/rest/v1/projects
2026-09-16 14:33:59,269 INFO GET https://kcorey-demo.jamacloud.com/rest/v1/abstractitems
2026-09-16 14:34:00,603 INFO GET https://kcorey-demo.jamacloud.com/rest/v1/abstractitems
2026-09-16 14:34:02,104 INFO GET https://kcorey-demo.jamacloud.com/rest/v1/abstractitems
2026-09-16 14:34:02,528 INFO GET https://kcorey-demo.jamacloud.com/rest/v1/itemtypes/30
2026-09-16 14:34:02,700 INFO GET https://kcorey-demo.jamacloud.com/rest/v1/itemtypes/31
2026-09-16 14:34:02,875 INFO GET https://kcorey-demo.jamacloud.com/rest/v1/itemtypes/32
2026-09-16 14:34:03,048 INFO GET https://kcorey-demo.jamacloud.com/rest/v1/itemtypes/132
2026-09-16 14:34:03,195 INFO GET https://kcorey-demo.jamacloud.com/rest/v1/itemtypes/133
2026-09-16 14:34:03,398 INFO GET https://kcorey-demo.jamacloud.com/rest/v1/itemtypes/134
2026-09-16 14:34:03,597 INFO GET https://kcorey-demo.jamacloud.com/rest/v1/itemtypes/136
2026-09-16 14:34:03,751 INFO GET https://kcorey-demo.jamacloud.com/rest/v1/itemtypes/139
2026-09-16 14:34:03,911 INFO GET https://kcorey-demo.jamacloud.com/rest/v1/picklists
2026-09-16 14:34:04,111 INFO GET https://kcorey-demo.jamacloud.com/rest/v1/picklists/249/options
2026-09-16 14:34:04,243 INFO GET https://kcorey-demo.jamacloud.com/rest/v1/picklists/270/options
2026-09-16 14:34:04,412 INFO GET https://kcorey-demo.jamacloud.com/rest/v1/picklists/228/options
2026-09-16 14:34:04,545 INFO GET https://kcorey-demo.jamacloud.com/rest/v1/picklists/248/options
2026-09-16 14:34:04,728 INFO GET https://kcorey-demo.jamacloud.com/rest/v1/picklists/276/options
2026-09-16 14:34:04,910 INFO GET https://kcorey-demo.jamacloud.com/rest/v1/picklists/63/options
2026-09-16 14:34:05,035 INFO GET https://kcorey-demo.jamacloud.com/rest/v1/picklists/235/options
2026-09-16 14:34:05,163 INFO GET https://kcorey-demo.jamacloud.com/rest/v1/picklists/225/options
2026-09-16 14:34:05,320 INFO GET https://kcorey-demo.jamacloud.com/rest/v1/projects/47/relationshipruleset
2026-09-16 14:34:05,498 ERROR GET https://kcorey-demo.jamacloud.com/rest/v1/projects/47/relationshipruleset failed (404): This resource does not exist
2026-09-16 14:34:05,498 INFO GET https://kcorey-demo.jamacloud.com/rest/v1/relationshiprulesets
2026-09-16 14:34:05,663 INFO GET https://kcorey-demo.jamacloud.com/rest/v1/relationshiprulesets/1/relationships
2026-09-16 14:34:05,800 ERROR GET https://kcorey-demo.jamacloud.com/rest/v1/relationshiprulesets/1/relationships failed (404): This resource does not exist
2026-09-16 14:34:05,800 WARNING Relationship rule set unavailable: Jama returned HTTP 404: This resource does not exist
2026-09-16 14:34:05,801 INFO GET https://kcorey-demo.jamacloud.com/rest/v1/users
2026-09-16 14:34:06,033 INFO GET https://kcorey-demo.jamacloud.com/rest/v1/picklists
2026-09-16 14:34:06,213 INFO GET https://kcorey-demo.jamacloud.com/rest/v1/picklists/275/options
2026-09-16 14:34:06,348 INFO GET https://kcorey-demo.jamacloud.com/rest/v1/picklists/251/options
2026-09-16 14:34:06,490 INFO GET https://kcorey-demo.jamacloud.com/rest/v1/picklists/249/options
2026-09-16 14:34:06,637 INFO GET https://kcorey-demo.jamacloud.com/rest/v1/picklists/270/options
2026-09-16 14:34:06,764 INFO GET https://kcorey-demo.jamacloud.com/rest/v1/picklists/271/options
2026-09-16 14:34:06,944 INFO GET https://kcorey-demo.jamacloud.com/rest/v1/picklists/226/options
2026-09-16 14:34:07,060 INFO GET https://kcorey-demo.jamacloud.com/rest/v1/picklists/228/options
2026-09-16 14:34:07,181 INFO GET https://kcorey-demo.jamacloud.com/rest/v1/picklists/266/options
2026-09-16 14:34:07,324 INFO GET https://kcorey-demo.jamacloud.com/rest/v1/picklists/252/options
2026-09-16 14:34:07,462 INFO GET https://kcorey-demo.jamacloud.com/rest/v1/picklists/272/options
2026-09-16 14:34:07,605 INFO GET https://kcorey-demo.jamacloud.com/rest/v1/picklists/273/options
2026-09-16 14:34:07,752 INFO GET https://kcorey-demo.jamacloud.com/rest/v1/picklists/268/options
2026-09-16 14:34:07,896 INFO GET https://kcorey-demo.jamacloud.com/rest/v1/picklists/62/options
2026-09-16 14:34:08,088 INFO GET https://kcorey-demo.jamacloud.com/rest/v1/picklists/33/options
2026-09-16 14:34:08,234 INFO GET https://kcorey-demo.jamacloud.com/rest/v1/picklists/31/options
2026-09-16 14:34:08,392 INFO GET https://kcorey-demo.jamacloud.com/rest/v1/picklists/34/options
2026-09-16 14:34:08,513 INFO GET https://kcorey-demo.jamacloud.com/rest/v1/picklists/248/options
2026-09-16 14:34:08,671 INFO GET https://kcorey-demo.jamacloud.com/rest/v1/picklists/276/options
2026-09-16 14:34:08,845 INFO GET https://kcorey-demo.jamacloud.com/rest/v1/picklists/250/options
2026-09-16 14:34:09,003 INFO GET https://kcorey-demo.jamacloud.com/rest/v1/picklists/258/options
2026-09-16 14:34:09,165 INFO GET https://kcorey-demo.jamacloud.com/rest/v1/picklists/253/options
2026-09-16 14:34:09,316 INFO GET https://kcorey-demo.jamacloud.com/rest/v1/picklists/259/options
2026-09-16 14:34:09,473 INFO GET https://kcorey-demo.jamacloud.com/rest/v1/picklists/260/options
2026-09-16 14:34:09,632 INFO GET https://kcorey-demo.jamacloud.com/rest/v1/picklists/63/options
2026-09-16 14:34:09,772 INFO GET https://kcorey-demo.jamacloud.com/rest/v1/picklists/261/options
2026-09-16 14:34:09,942 INFO GET https://kcorey-demo.jamacloud.com/rest/v1/picklists/255/options
2026-09-16 14:34:10,110 INFO GET https://kcorey-demo.jamacloud.com/rest/v1/picklists/254/options
2026-09-16 14:34:10,341 INFO GET https://kcorey-demo.jamacloud.com/rest/v1/picklists/274/options
2026-09-16 14:34:10,496 INFO GET https://kcorey-demo.jamacloud.com/rest/v1/picklists/121/options
2026-09-16 14:34:10,693 INFO GET https://kcorey-demo.jamacloud.com/rest/v1/picklists/235/options
2026-09-16 14:34:10,838 INFO GET https://kcorey-demo.jamacloud.com/rest/v1/picklists/225/options
2026-09-16 14:34:10,975 INFO GET https://kcorey-demo.jamacloud.com/rest/v1/itemtypes
2026-09-16 14:34:11,189 INFO GET https://kcorey-demo.jamacloud.com/rest/v1/itemtypes/22
2026-09-16 14:34:11,323 INFO GET https://kcorey-demo.jamacloud.com/rest/v1/itemtypes/24
2026-09-16 14:34:11,487 INFO GET https://kcorey-demo.jamacloud.com/rest/v1/itemtypes/26
2026-09-16 14:34:11,617 INFO GET https://kcorey-demo.jamacloud.com/rest/v1/itemtypes/27
2026-09-16 14:34:11,819 INFO GET https://kcorey-demo.jamacloud.com/rest/v1/itemtypes/28
2026-09-16 14:34:11,987 INFO GET https://kcorey-demo.jamacloud.com/rest/v1/itemtypes/30
2026-09-16 14:34:12,151 INFO GET https://kcorey-demo.jamacloud.com/rest/v1/itemtypes/31
2026-09-16 14:34:12,306 INFO GET https://kcorey-demo.jamacloud.com/rest/v1/itemtypes/32
2026-09-16 14:34:12,448 INFO GET https://kcorey-demo.jamacloud.com/rest/v1/itemtypes/33
2026-09-16 14:34:12,557 INFO GET https://kcorey-demo.jamacloud.com/rest/v1/itemtypes/34
2026-09-16 14:34:12,727 INFO GET https://kcorey-demo.jamacloud.com/rest/v1/itemtypes/35
2026-09-16 14:34:12,872 INFO GET https://kcorey-demo.jamacloud.com/rest/v1/itemtypes/36
2026-09-16 14:34:13,036 INFO GET https://kcorey-demo.jamacloud.com/rest/v1/itemtypes/37
2026-09-16 14:34:13,201 INFO GET https://kcorey-demo.jamacloud.com/rest/v1/itemtypes/132
2026-09-16 14:34:13,322 INFO GET https://kcorey-demo.jamacloud.com/rest/v1/itemtypes/133
2026-09-16 14:34:13,465 INFO GET https://kcorey-demo.jamacloud.com/rest/v1/itemtypes/134
2026-09-16 14:34:13,658 INFO GET https://kcorey-demo.jamacloud.com/rest/v1/itemtypes/135
2026-09-16 14:34:13,814 INFO GET https://kcorey-demo.jamacloud.com/rest/v1/itemtypes/136
2026-09-16 14:34:13,951 INFO GET https://kcorey-demo.jamacloud.com/rest/v1/itemtypes/137
2026-09-16 14:34:14,156 INFO GET https://kcorey-demo.jamacloud.com/rest/v1/itemtypes/138
2026-09-16 14:34:14,345 INFO GET https://kcorey-demo.jamacloud.com/rest/v1/itemtypes/139
2026-09-16 14:34:14,478 INFO GET https://kcorey-demo.jamacloud.com/rest/v1/itemtypes/140
2026-09-16 14:34:14,611 INFO GET https://kcorey-demo.jamacloud.com/rest/v1/itemtypes/141
2026-09-16 14:34:14,734 INFO GET https://kcorey-demo.jamacloud.com/rest/v1/itemtypes/142
