2026-09-11 12:55:10,119 INFO GET https://kcorey-airborne.jamacloud.com/rest/v1/projects
2026-09-11 12:55:10,413 INFO GET https://kcorey-airborne.jamacloud.com/rest/v1/projects
2026-09-11 12:56:35,793 INFO GET https://kcorey-airborne.jamacloud.com/rest/v1/abstractitems
2026-09-11 12:56:36,868 INFO GET https://kcorey-airborne.jamacloud.com/rest/v1/itemtypes/30
2026-09-11 12:56:36,973 INFO GET https://kcorey-airborne.jamacloud.com/rest/v1/itemtypes/31
2026-09-11 12:56:37,109 INFO GET https://kcorey-airborne.jamacloud.com/rest/v1/itemtypes/32
2026-09-11 12:56:37,243 INFO GET https://kcorey-airborne.jamacloud.com/rest/v1/itemtypes/33
2026-09-11 12:56:37,385 INFO GET https://kcorey-airborne.jamacloud.com/rest/v1/picklists
2026-09-11 12:56:37,535 INFO GET https://kcorey-airborne.jamacloud.com/rest/v1/picklists/276/options
2026-09-11 12:56:37,691 INFO GET https://kcorey-airborne.jamacloud.com/rest/v1/projects/38/relationshipruleset
2026-09-11 12:56:37,828 ERROR GET https://kcorey-airborne.jamacloud.com/rest/v1/projects/38/relationshipruleset failed (404): This resource does not exist
2026-09-11 12:56:37,828 INFO GET https://kcorey-airborne.jamacloud.com/rest/v1/relationshiprulesets
2026-09-11 12:56:38,126 INFO GET https://kcorey-airborne.jamacloud.com/rest/v1/relationshiprulesets/1/relationships
2026-09-11 12:56:38,254 ERROR GET https://kcorey-airborne.jamacloud.com/rest/v1/relationshiprulesets/1/relationships failed (404): This resource does not exist
2026-09-11 12:56:38,254 WARNING Relationship rule set unavailable: Jama returned HTTP 404: This resource does not exist
2026-09-11 12:56:38,254 INFO GET https://kcorey-airborne.jamacloud.com/rest/v1/users
2026-09-11 12:57:55,250 INFO GET https://kcorey-airborne.jamacloud.com/rest/v1/itemtypes
2026-09-11 12:57:55,517 INFO GET https://kcorey-airborne.jamacloud.com/rest/v1/itemtypes/22
2026-09-11 12:57:55,651 INFO GET https://kcorey-airborne.jamacloud.com/rest/v1/itemtypes/30
2026-09-11 12:57:55,820 INFO GET https://kcorey-airborne.jamacloud.com/rest/v1/itemtypes/31
2026-09-11 12:57:55,938 INFO GET https://kcorey-airborne.jamacloud.com/rest/v1/itemtypes/32
2026-09-11 12:57:56,073 INFO GET https://kcorey-airborne.jamacloud.com/rest/v1/itemtypes/33
2026-09-11 12:57:56,209 INFO GET https://kcorey-airborne.jamacloud.com/rest/v1/itemtypes/34
2026-09-11 12:57:56,374 INFO GET https://kcorey-airborne.jamacloud.com/rest/v1/itemtypes/35
2026-09-11 12:57:56,492 INFO GET https://kcorey-airborne.jamacloud.com/rest/v1/itemtypes/36
2026-09-11 12:57:56,615 INFO GET https://kcorey-airborne.jamacloud.com/rest/v1/itemtypes/37
2026-09-11 12:57:56,740 INFO GET https://kcorey-airborne.jamacloud.com/rest/v1/itemtypes/132
2026-09-11 12:57:56,889 INFO GET https://kcorey-airborne.jamacloud.com/rest/v1/itemtypes/133
2026-09-11 12:57:57,031 INFO GET https://kcorey-airborne.jamacloud.com/rest/v1/itemtypes/134
2026-09-11 12:57:57,209 INFO GET https://kcorey-airborne.jamacloud.com/rest/v1/itemtypes/135
2026-09-11 12:57:57,349 INFO GET https://kcorey-airborne.jamacloud.com/rest/v1/itemtypes/136
2026-09-11 12:57:57,479 INFO GET https://kcorey-airborne.jamacloud.com/rest/v1/itemtypes/137
2026-09-11 12:57:57,625 INFO GET https://kcorey-airborne.jamacloud.com/rest/v1/itemtypes/138
2026-09-11 12:57:57,766 INFO GET https://kcorey-airborne.jamacloud.com/rest/v1/itemtypes/139
2026-09-11 12:57:57,931 INFO GET https://kcorey-airborne.jamacloud.com/rest/v1/itemtypes/141
2026-09-11 12:57:58,112 INFO GET https://kcorey-airborne.jamacloud.com/rest/v1/itemtypes/142
2026-09-11 12:57:58,283 INFO GET https://kcorey-airborne.jamacloud.com/rest/v1/itemtypes/144
2026-09-11 12:57:58,401 INFO GET https://kcorey-airborne.jamacloud.com/rest/v1/itemtypes/145
2026-09-11 12:57:58,520 INFO GET https://kcorey-airborne.jamacloud.com/rest/v1/itemtypes/146
2026-09-11 12:57:58,659 INFO GET https://kcorey-airborne.jamacloud.com/rest/v1/itemtypes/147
2026-09-11 12:57:58,788 INFO GET https://kcorey-airborne.jamacloud.com/rest/v1/itemtypes/148
2026-09-11 12:57:58,885 INFO GET https://kcorey-airborne.jamacloud.com/rest/v1/itemtypes/149
2026-09-11 12:57:59,010 INFO GET https://kcorey-airborne.jamacloud.com/rest/v1/itemtypes/150
2026-09-11 12:57:59,143 INFO GET https://kcorey-airborne.jamacloud.com/rest/v1/itemtypes/151
2026-09-11 12:57:59,278 INFO GET https://kcorey-airborne.jamacloud.com/rest/v1/itemtypes/152
2026-09-11 12:57:59,382 INFO GET https://kcorey-airborne.jamacloud.com/rest/v1/itemtypes/153
2026-09-11 12:57:59,474 INFO GET https://kcorey-airborne.jamacloud.com/rest/v1/itemtypes/154
2026-09-11 12:57:59,613 INFO GET https://kcorey-airborne.jamacloud.com/rest/v1/itemtypes/155
2026-09-11 12:57:59,751 INFO GET https://kcorey-airborne.jamacloud.com/rest/v1/itemtypes/156
2026-09-11 12:57:59,873 INFO GET https://kcorey-airborne.jamacloud.com/rest/v1/itemtypes/157
2026-09-11 12:57:59,973 INFO GET https://kcorey-airborne.jamacloud.com/rest/v1/itemtypes/158
2026-09-11 12:58:45,282 INFO GET https://kcorey-airborne.jamacloud.com/rest/v1/projects
2026-09-11 12:58:45,420 INFO GET https://kcorey-airborne.jamacloud.com/rest/v1/projects
2026-09-11 12:58:47,546 INFO GET https://kcorey-airborne.jamacloud.com/rest/v1/abstractitems
2026-09-11 12:58:48,221 INFO GET https://kcorey-airborne.jamacloud.com/rest/v1/itemtypes/30
2026-09-11 12:58:48,351 INFO GET https://kcorey-airborne.jamacloud.com/rest/v1/itemtypes/31
2026-09-11 12:58:48,509 INFO GET https://kcorey-airborne.jamacloud.com/rest/v1/itemtypes/32
2026-09-11 12:58:48,627 INFO GET https://kcorey-airborne.jamacloud.com/rest/v1/itemtypes/33
2026-09-11 12:58:48,742 INFO GET https://kcorey-airborne.jamacloud.com/rest/v1/picklists
2026-09-11 12:58:48,894 INFO GET https://kcorey-airborne.jamacloud.com/rest/v1/picklists/276/options
2026-09-11 12:58:49,048 INFO GET https://kcorey-airborne.jamacloud.com/rest/v1/projects/38/relationshipruleset
2026-09-11 12:58:49,164 ERROR GET https://kcorey-airborne.jamacloud.com/rest/v1/projects/38/relationshipruleset failed (404): This resource does not exist
2026-09-11 12:58:49,164 INFO GET https://kcorey-airborne.jamacloud.com/rest/v1/relationshiprulesets
2026-09-11 12:58:49,497 INFO GET https://kcorey-airborne.jamacloud.com/rest/v1/relationshiprulesets/1/relationships
2026-09-11 12:58:49,626 ERROR GET https://kcorey-airborne.jamacloud.com/rest/v1/relationshiprulesets/1/relationships failed (404): This resource does not exist
2026-09-11 12:58:49,626 WARNING Relationship rule set unavailable: Jama returned HTTP 404: This resource does not exist
2026-09-11 12:58:49,627 INFO GET https://kcorey-airborne.jamacloud.com/rest/v1/users
2026-09-11 12:58:54,844 INFO GET https://kcorey-airborne.jamacloud.com/rest/v1/itemtypes
2026-09-11 12:58:55,102 INFO GET https://kcorey-airborne.jamacloud.com/rest/v1/itemtypes/22
2026-09-11 12:58:55,223 INFO GET https://kcorey-airborne.jamacloud.com/rest/v1/itemtypes/30
2026-09-11 12:58:55,341 INFO GET https://kcorey-airborne.jamacloud.com/rest/v1/itemtypes/31
2026-09-11 12:58:55,444 INFO GET https://kcorey-airborne.jamacloud.com/rest/v1/itemtypes/32
2026-09-11 12:58:55,581 INFO GET https://kcorey-airborne.jamacloud.com/rest/v1/itemtypes/33
2026-09-11 12:58:55,709 INFO GET https://kcorey-airborne.jamacloud.com/rest/v1/itemtypes/34
2026-09-11 12:58:55,821 INFO GET https://kcorey-airborne.jamacloud.com/rest/v1/itemtypes/35
2026-09-11 12:58:55,931 INFO GET https://kcorey-airborne.jamacloud.com/rest/v1/itemtypes/36
2026-09-11 12:58:56,035 INFO GET https://kcorey-airborne.jamacloud.com/rest/v1/itemtypes/37
2026-09-11 12:58:56,181 INFO GET https://kcorey-airborne.jamacloud.com/rest/v1/itemtypes/132
2026-09-11 12:58:56,323 INFO GET https://kcorey-airborne.jamacloud.com/rest/v1/itemtypes/133
2026-09-11 12:58:56,511 INFO GET https://kcorey-airborne.jamacloud.com/rest/v1/itemtypes/134
2026-09-11 12:58:56,686 INFO GET https://kcorey-airborne.jamacloud.com/rest/v1/itemtypes/135
2026-09-11 12:58:56,831 INFO GET https://kcorey-airborne.jamacloud.com/rest/v1/itemtypes/136
2026-09-11 12:58:57,007 INFO GET https://kcorey-airborne.jamacloud.com/rest/v1/itemtypes/137
2026-09-11 12:58:57,115 INFO GET https://kcorey-airborne.jamacloud.com/rest/v1/itemtypes/138
2026-09-11 12:58:57,269 INFO GET https://kcorey-airborne.jamacloud.com/rest/v1/itemtypes/139
2026-09-11 12:58:57,403 INFO GET https://kcorey-airborne.jamacloud.com/rest/v1/itemtypes/141
2026-09-11 12:58:57,530 INFO GET https://kcorey-airborne.jamacloud.com/rest/v1/itemtypes/142
2026-09-11 12:58:57,670 INFO GET https://kcorey-airborne.jamacloud.com/rest/v1/itemtypes/144
2026-09-11 12:58:57,794 INFO GET https://kcorey-airborne.jamacloud.com/rest/v1/itemtypes/145
2026-09-11 12:58:57,920 INFO GET https://kcorey-airborne.jamacloud.com/rest/v1/itemtypes/146
2026-09-11 12:58:58,046 INFO GET https://kcorey-airborne.jamacloud.com/rest/v1/itemtypes/147
2026-09-11 12:58:58,161 INFO GET https://kcorey-airborne.jamacloud.com/rest/v1/itemtypes/148
2026-09-11 12:58:58,289 INFO GET https://kcorey-airborne.jamacloud.com/rest/v1/itemtypes/149
2026-09-11 12:58:58,409 INFO GET https://kcorey-airborne.jamacloud.com/rest/v1/itemtypes/150
2026-09-11 12:58:58,553 INFO GET https://kcorey-airborne.jamacloud.com/rest/v1/itemtypes/151
2026-09-11 12:58:58,651 INFO GET https://kcorey-airborne.jamacloud.com/rest/v1/itemtypes/152
2026-09-11 12:58:58,815 INFO GET https://kcorey-airborne.jamacloud.com/rest/v1/itemtypes/153
2026-09-11 12:58:58,933 INFO GET https://kcorey-airborne.jamacloud.com/rest/v1/itemtypes/154
2026-09-11 12:58:59,072 INFO GET https://kcorey-airborne.jamacloud.com/rest/v1/itemtypes/155
2026-09-11 12:58:59,201 INFO GET https://kcorey-airborne.jamacloud.com/rest/v1/itemtypes/156
2026-09-11 12:58:59,330 INFO GET https://kcorey-airborne.jamacloud.com/rest/v1/itemtypes/157
2026-09-11 12:58:59,459 INFO GET https://kcorey-airborne.jamacloud.com/rest/v1/itemtypes/158
2026-09-11 12:59:08,185 INFO GET https://kcorey-airborne.jamacloud.com/rest/v1/picklists
2026-09-11 12:59:08,357 INFO GET https://kcorey-airborne.jamacloud.com/rest/v1/picklists/260/options
2026-09-11 12:59:08,481 INFO GET https://kcorey-airborne.jamacloud.com/rest/v1/picklists/265/options
2026-09-11 12:59:08,618 INFO GET https://kcorey-airborne.jamacloud.com/rest/v1/picklists/257/options
2026-09-11 12:59:08,740 INFO GET https://kcorey-airborne.jamacloud.com/rest/v1/picklists/272/options
2026-09-11 12:59:08,880 INFO GET https://kcorey-airborne.jamacloud.com/rest/v1/picklists/273/options
2026-09-11 12:59:09,041 INFO GET https://kcorey-airborne.jamacloud.com/rest/v1/picklists/252/options
2026-09-11 12:59:09,172 INFO GET https://kcorey-airborne.jamacloud.com/rest/v1/picklists/266/options
2026-09-11 12:59:09,315 INFO GET https://kcorey-airborne.jamacloud.com/rest/v1/picklists/274/options
2026-09-11 12:59:09,540 INFO GET https://kcorey-airborne.jamacloud.com/rest/v1/picklists/275/options
2026-09-11 12:59:09,646 INFO GET https://kcorey-airborne.jamacloud.com/rest/v1/picklists/276/options
2026-09-11 12:59:09,782 INFO GET https://kcorey-airborne.jamacloud.com/rest/v1/picklists/250/options
2026-09-11 12:59:09,950 INFO GET https://kcorey-airborne.jamacloud.com/rest/v1/picklists/264/options
2026-09-11 12:59:10,100 INFO GET https://kcorey-airborne.jamacloud.com/rest/v1/picklists/33/options
2026-09-11 12:59:10,223 INFO GET https://kcorey-airborne.jamacloud.com/rest/v1/picklists/31/options
2026-09-11 12:59:10,341 INFO GET https://kcorey-airborne.jamacloud.com/rest/v1/picklists/34/options
2026-09-11 12:59:10,437 INFO GET https://kcorey-airborne.jamacloud.com/rest/v1/picklists/268/options
2026-09-11 12:59:10,575 INFO GET https://kcorey-airborne.jamacloud.com/rest/v1/picklists/277/options
2026-09-11 12:59:10,726 INFO GET https://kcorey-airborne.jamacloud.com/rest/v1/picklists/269/options
2026-09-11 12:59:10,897 INFO GET https://kcorey-airborne.jamacloud.com/rest/v1/picklists/270/options
2026-09-11 12:59:11,048 INFO GET https://kcorey-airborne.jamacloud.com/rest/v1/picklists/249/options
2026-09-11 12:59:11,168 INFO GET https://kcorey-airborne.jamacloud.com/rest/v1/picklists/267/options
2026-09-11 12:59:11,348 INFO GET https://kcorey-airborne.jamacloud.com/rest/v1/picklists/271/options
2026-09-11 12:59:11,475 INFO GET https://kcorey-airborne.jamacloud.com/rest/v1/picklists/253/options
2026-09-11 12:59:11,629 INFO GET https://kcorey-airborne.jamacloud.com/rest/v1/picklists/251/options
2026-09-11 12:59:11,785 INFO GET https://kcorey-airborne.jamacloud.com/rest/v1/picklists/278/options
2026-09-11 12:59:11,907 INFO GET https://kcorey-airborne.jamacloud.com/rest/v1/picklists/279/options
2026-09-11 12:59:12,029 INFO GET https://kcorey-airborne.jamacloud.com/rest/v1/picklists/280/options
2026-09-11 12:59:12,181 INFO GET https://kcorey-airborne.jamacloud.com/rest/v1/picklists/258/options
2026-09-11 12:59:12,357 INFO GET https://kcorey-airborne.jamacloud.com/rest/v1/picklists/248/options
